1789530612.127325 PDFREFLOW_DEVICE_ENV PDFREFLOW_DEVICE_CASE,PDFREFLOW_PAGE_RETENTION
1789530612.127325 PDFREFLOW_DEVICE_ENV PDFREFLOW_DEVICE_CASE,PDFREFLOW_PAGE_RETENTION
1789530612.141829 PDFREFLOW_DEVICE_START case=warren retention=reextract device=iPhone iOS 27.0 footprintBefore=7374472 available=3532618104
1789530612.141829 PDFREFLOW_DEVICE_START case=warren retention=reextract device=iPhone iOS 27.0 footprintBefore=7374472 available=3532618104
1789530612.143412 PDFREFLOW_DEVICE_PROGRESS 0% opening footprint=7472776
1789530612.143412 PDFREFLOW_DEVICE_PROGRESS 0% opening footprint=7472776
1789530614.8651729 PDFREFLOW_DEVICE_PROGRESS 10% extracting footprint=124880736
1789530614.8651729 PDFREFLOW_DEVICE_PROGRESS 10% extracting footprint=124880736
1789530615.3117762 PDFREFLOW_DEVICE_PROGRESS 20% extracting footprint=118310776
1789530615.3117762 PDFREFLOW_DEVICE_PROGRESS 20% extracting footprint=118310776
1789530615.78844 PDFREFLOW_DEVICE_PROGRESS 30% extracting footprint=111937400
1789530615.78844 PDFREFLOW_DEVICE_PROGRESS 30% extracting footprint=111937400
1789530616.7440991 PDFREFLOW_DEVICE_PROGRESS 40% extracting footprint=104433528
1789530616.7440991 PDFREFLOW_DEVICE_PROGRESS 40% extracting footprint=104433528
1789530617.3781738 PDFREFLOW_DEVICE_PROGRESS 50% extracting footprint=104531808
1789530617.3781738 PDFREFLOW_DEVICE_PROGRESS 50% extracting footprint=104531808
1789530622.212284 PDFREFLOW_DEVICE_PROGRESS 60% reconstructing footprint=149178256
1789530622.212284 PDFREFLOW_DEVICE_PROGRESS 60% reconstructing footprint=149178256
1789530623.9743729 PDFREFLOW_DEVICE_PROGRESS 70% reconstructing footprint=48138080
1789530623.9743729 PDFREFLOW_DEVICE_PROGRESS 70% reconstructing footprint=48138080
1789530627.982435 PDFREFLOW_DEVICE_PROGRESS 80% reconstructing footprint=39831368
1789530627.982435 PDFREFLOW_DEVICE_PROGRESS 80% reconstructing footprint=39831368
1789530630.409208 PDFREFLOW_DEVICE_PROGRESS 90% writing footprint=116803448
1789530630.409208 PDFREFLOW_DEVICE_PROGRESS 90% writing footprint=116803448
1789530630.696099 PDFREFLOW_DEVICE_PROGRESS 100% completed footprint=83593080
1789530630.696099 PDFREFLOW_DEVICE_PROGRESS 100% completed footprint=83593080
1789530630.7022371 PDFREFLOW_DEVICE_RESULT {"availableMemoryBeforeBytes":3532618104,"case":"warren","device":"iPhone iOS 27.0","epubBytes":12856123,"footprintBeforeBytes":7374472,"footprintSamples":186,"images":21,"pages":920,"peakFootprintBytes":251692992,"peakRSSBytes":304201728,"physicalMemoryBytes":12263424000,"recognizedPages":10,"reflowedPages":910,"reportFingerprint":"8ca90d2cfd6bb03ef18177e8c34a1a8a03913190ec7bfbf516963beb00f2db47","retention":"reextract","seconds":18.558511972427368,"warnings":2904}
1789530630.7022371 PDFREFLOW_DEVICE_RESULT {"availableMemoryBeforeBytes":3532618104,"case":"warren","device":"iPhone iOS 27.0","epubBytes":12856123,"footprintBeforeBytes":7374472,"footprintSamples":186,"images":21,"pages":920,"peakFootprintBytes":251692992,"peakRSSBytes":304201728,"physicalMemoryBytes":12263424000,"recognizedPages":10,"reflowedPages":910,"reportFingerprint":"8ca90d2cfd6bb03ef18177e8c34a1a8a03913190ec7bfbf516963beb00f2db47","retention":"reextract","seconds":18.558511972427368,"warnings":2904}
1789530630.702804 PDFREFLOW_DEVICE_DONE
1789530630.702804 PDFREFLOW_DEVICE_DONE
Launched application with com.vocaro.pdfreflow.retentionhost bundle identifier.
Waiting for the application to terminate...
The app terminated with the exit code 0.
