1789530595.8843532 PDFREFLOW_DEVICE_ENV PDFREFLOW_DEVICE_CASE,PDFREFLOW_PAGE_RETENTION
1789530595.8843532 PDFREFLOW_DEVICE_ENV PDFREFLOW_DEVICE_CASE,PDFREFLOW_PAGE_RETENTION
1789530595.902225 PDFREFLOW_DEVICE_START case=warren retention=resident device=iPhone iOS 27.0 footprintBefore=7259784 available=3532732792
1789530595.902225 PDFREFLOW_DEVICE_START case=warren retention=resident device=iPhone iOS 27.0 footprintBefore=7259784 available=3532732792
1789530595.9040709 PDFREFLOW_DEVICE_PROGRESS 0% opening footprint=7374472
1789530595.9040709 PDFREFLOW_DEVICE_PROGRESS 0% opening footprint=7374472
1789530598.605123 PDFREFLOW_DEVICE_PROGRESS 10% extracting footprint=125028192
1789530598.605123 PDFREFLOW_DEVICE_PROGRESS 10% extracting footprint=125028192
1789530599.02709 PDFREFLOW_DEVICE_PROGRESS 20% extracting footprint=114296696
1789530599.02709 PDFREFLOW_DEVICE_PROGRESS 20% extracting footprint=114296696
1789530599.513066 PDFREFLOW_DEVICE_PROGRESS 30% extracting footprint=112510840
1789530599.513066 PDFREFLOW_DEVICE_PROGRESS 30% extracting footprint=112510840
1789530600.368006 PDFREFLOW_DEVICE_PROGRESS 40% extracting footprint=120620920
1789530600.368006 PDFREFLOW_DEVICE_PROGRESS 40% extracting footprint=120620920
1789530600.8381128 PDFREFLOW_DEVICE_PROGRESS 50% extracting footprint=124159840
1789530600.8381128 PDFREFLOW_DEVICE_PROGRESS 50% extracting footprint=124159840
1789530605.359741 PDFREFLOW_DEVICE_PROGRESS 60% reconstructing footprint=104515472
1789530605.359741 PDFREFLOW_DEVICE_PROGRESS 60% reconstructing footprint=104515472
1789530606.290769 PDFREFLOW_DEVICE_PROGRESS 70% reconstructing footprint=51119992
1789530606.290769 PDFREFLOW_DEVICE_PROGRESS 70% reconstructing footprint=51119992
1789530609.393169 PDFREFLOW_DEVICE_PROGRESS 80% reconstructing footprint=63309664
1789530609.393169 PDFREFLOW_DEVICE_PROGRESS 80% reconstructing footprint=63309664
1789530611.307497 PDFREFLOW_DEVICE_PROGRESS 90% writing footprint=101107624
1789530611.307497 PDFREFLOW_DEVICE_PROGRESS 90% writing footprint=101107624
1789530611.575902 PDFREFLOW_DEVICE_PROGRESS 100% completed footprint=95684520
1789530611.575902 PDFREFLOW_DEVICE_PROGRESS 100% completed footprint=95684520
1789530611.581425 PDFREFLOW_DEVICE_RESULT {"availableMemoryBeforeBytes":3532732792,"case":"warren","device":"iPhone iOS 27.0","epubBytes":12856121,"footprintBeforeBytes":7259784,"footprintSamples":157,"images":21,"pages":920,"peakFootprintBytes":230999976,"peakRSSBytes":285949952,"physicalMemoryBytes":12263424000,"recognizedPages":10,"reflowedPages":910,"reportFingerprint":"8ca90d2cfd6bb03ef18177e8c34a1a8a03913190ec7bfbf516963beb00f2db47","retention":"resident","seconds":15.677232027053833,"warnings":2904}
1789530611.581425 PDFREFLOW_DEVICE_RESULT {"availableMemoryBeforeBytes":3532732792,"case":"warren","device":"iPhone iOS 27.0","epubBytes":12856121,"footprintBeforeBytes":7259784,"footprintSamples":157,"images":21,"pages":920,"peakFootprintBytes":230999976,"peakRSSBytes":285949952,"physicalMemoryBytes":12263424000,"recognizedPages":10,"reflowedPages":910,"reportFingerprint":"8ca90d2cfd6bb03ef18177e8c34a1a8a03913190ec7bfbf516963beb00f2db47","retention":"resident","seconds":15.677232027053833,"warnings":2904}
1789530611.581789 PDFREFLOW_DEVICE_DONE
1789530611.581789 PDFREFLOW_DEVICE_DONE
Launched application with com.vocaro.pdfreflow.retentionhost bundle identifier.
Waiting for the application to terminate...
The app terminated with the exit code 0.
