1789530578.2018719 PDFREFLOW_DEVICE_ENV PDFREFLOW_DEVICE_CASE,PDFREFLOW_PAGE_RETENTION
1789530578.2018719 PDFREFLOW_DEVICE_ENV PDFREFLOW_DEVICE_CASE,PDFREFLOW_PAGE_RETENTION
1789530578.219462 PDFREFLOW_DEVICE_START case=warren retention=spill device=iPhone iOS 27.0 footprintBefore=7407240 available=3532585336
1789530578.219462 PDFREFLOW_DEVICE_START case=warren retention=spill device=iPhone iOS 27.0 footprintBefore=7407240 available=3532585336
1789530578.222629 PDFREFLOW_DEVICE_PROGRESS 0% opening footprint=7571080
1789530578.222629 PDFREFLOW_DEVICE_PROGRESS 0% opening footprint=7571080
1789530580.925041 PDFREFLOW_DEVICE_PROGRESS 10% extracting footprint=124684104
1789530580.925041 PDFREFLOW_DEVICE_PROGRESS 10% extracting footprint=124684104
1789530581.3932881 PDFREFLOW_DEVICE_PROGRESS 20% extracting footprint=125372232
1789530581.3932881 PDFREFLOW_DEVICE_PROGRESS 20% extracting footprint=125372232
1789530581.938775 PDFREFLOW_DEVICE_PROGRESS 30% extracting footprint=108021576
1789530581.938775 PDFREFLOW_DEVICE_PROGRESS 30% extracting footprint=108021576
1789530582.8081632 PDFREFLOW_DEVICE_PROGRESS 40% extracting footprint=102516552
1789530582.8081632 PDFREFLOW_DEVICE_PROGRESS 40% extracting footprint=102516552
1789530583.338282 PDFREFLOW_DEVICE_PROGRESS 50% extracting footprint=102827848
1789530583.338282 PDFREFLOW_DEVICE_PROGRESS 50% extracting footprint=102827848
1789530588.105548 PDFREFLOW_DEVICE_PROGRESS 60% reconstructing footprint=95487864
1789530588.105548 PDFREFLOW_DEVICE_PROGRESS 60% reconstructing footprint=95487864
1789530589.325134 PDFREFLOW_DEVICE_PROGRESS 70% reconstructing footprint=41666376
1789530589.325134 PDFREFLOW_DEVICE_PROGRESS 70% reconstructing footprint=41666376
1789530592.69858 PDFREFLOW_DEVICE_PROGRESS 80% reconstructing footprint=46319432
1789530592.69858 PDFREFLOW_DEVICE_PROGRESS 80% reconstructing footprint=46319432
1789530594.782977 PDFREFLOW_DEVICE_PROGRESS 90% writing footprint=82970464
1789530594.782977 PDFREFLOW_DEVICE_PROGRESS 90% writing footprint=82970464
1789530595.0819921 PDFREFLOW_DEVICE_PROGRESS 100% completed footprint=82970464
1789530595.0819921 PDFREFLOW_DEVICE_PROGRESS 100% completed footprint=82970464
1789530595.087542 PDFREFLOW_DEVICE_RESULT {"availableMemoryBeforeBytes":3532585336,"case":"warren","device":"iPhone iOS 27.0","epubBytes":12856125,"footprintBeforeBytes":7407240,"footprintSamples":169,"images":21,"pages":920,"peakFootprintBytes":220219328,"peakRSSBytes":271515648,"physicalMemoryBytes":12263424000,"recognizedPages":10,"reflowedPages":910,"reportFingerprint":"8ca90d2cfd6bb03ef18177e8c34a1a8a03913190ec7bfbf516963beb00f2db47","retention":"spill","seconds":16.866553068161011,"warnings":2904}
1789530595.087542 PDFREFLOW_DEVICE_RESULT {"availableMemoryBeforeBytes":3532585336,"case":"warren","device":"iPhone iOS 27.0","epubBytes":12856125,"footprintBeforeBytes":7407240,"footprintSamples":169,"images":21,"pages":920,"peakFootprintBytes":220219328,"peakRSSBytes":271515648,"physicalMemoryBytes":12263424000,"recognizedPages":10,"reflowedPages":910,"reportFingerprint":"8ca90d2cfd6bb03ef18177e8c34a1a8a03913190ec7bfbf516963beb00f2db47","retention":"spill","seconds":16.866553068161011,"warnings":2904}
1789530595.087915 PDFREFLOW_DEVICE_DONE
1789530595.087915 PDFREFLOW_DEVICE_DONE
Launched application with com.vocaro.pdfreflow.retentionhost bundle identifier.
Waiting for the application to terminate...
The app terminated with the exit code 0.
