 0 invisible-text guard: KILLED ['textOverAPictureOfThePageKeepsTheReviewSignal'] Test run with 97 tests in 0 suites failed after 0.355 seconds with 2 issues.
 1 single-paint guard: KILLED ['textOverAPictureOfThePageKeepsTheReviewSignal'] Test run with 97 tests in 0 suites failed after 0.353 seconds with 2 issues.
 2 page-sized crop guard: KILLED ['aLayoutComesApartOnlyWhenItsCropsLeaveTheText'] Test run with 98 tests in 0 suites failed after 0.427 seconds with 1 issue.
 3 word-share guard: KILLED ['aLayoutComesApartOnlyWhenItsCropsLeaveTheText'] Test run with 98 tests in 0 suites failed after 0.376 seconds with 1 issue.
 4 exemption off (baseline decision): KILLED ['aLayoutComesApartOnlyWhenItsCropsLeaveTheText', 'artThatOnlyClustersIntoAPageSizedRegionReflowsWithoutTheReviewSignal', 'dgaSectionPagesComeApartIntoIconsBannerAndFooter'] Test run with 98 tests in 0 suites failed after 0.315 seconds with 10 issues.
 5 image flag: KILLED ['readerMarksImagesAndFills'] Test run with 99 tests in 0 suites failed after 0.379 seconds with 1 issue.
 6 shape fill requirement: KILLED ['calloutShapesMustBeFilledAndHoldOnlyText', 'clippedFigureLeavesTheColumnBesideItAndKeepsItsLabel'] Test run with 98 tests in 0 suites failed after 0.365 seconds with 2 issues.
 7 shape holds only text: KILLED ['calloutShapesMustBeFilledAndHoldOnlyText'] Test run with 98 tests in 0 suites failed after 0.361 seconds with 1 issue.
 8 shape backdrops off: KILLED ['calloutShapesMustBeFilledAndHoldOnlyText', 'calloutTabHoldsOnlyItsTitle', 'dgaCallBoxesAndTheirTabsReflow', 'dgaSectionPagesComeApartIntoIconsBannerAndFooter'] Test run with 99 tests in 0 suites failed after 0.320 seconds with 8 issues.
 9 tabs off: KILLED ['calloutTabHoldsOnlyItsTitle', 'dgaCallBoxesAndTheirTabsReflow', 'dgaSectionPagesComeApartIntoIconsBannerAndFooter'] Test run with 99 tests in 0 suites failed after 0.320 seconds with 4 issues.
10 connector rule off: KILLED ['anUnderlineBridgesOnlyWhenItUnderlinesOneLine', 'artThatOnlyClustersIntoAPageSizedRegionReflowsWithoutTheReviewSignal', 'dgaCallBoxesAndTheirTabsReflow', 'dgaLinkUnderlinesDoNotJoinFootnotesToTheFooterBand', 'dgaPage6ConnectorLeavesTheFirstBulletRowToProse', 'dgaSectionIconsReadWithTheirTitles', 'dgaSectionPagesComeApartIntoIconsBannerAndFooter', 'marginRulesBridgeNoArtAcrossProse', 'onlyAnIconBesideAHeadingReadsInItsRow'] Test run with 99 tests in 0 suites failed after 0.332 seconds with 27 issues.
11 connector clearance: KILLED ['anUnderlineBridgesOnlyWhenItUnderlinesOneLine', 'fedTable31ReadsAsAThreeColumnTableWithItsHeader', 'marginRulesBridgeNoArtAcrossProse', 'ruledGridsWithoutAReadableHeaderOrWithInkKeepTheirImage', 'ruledTableWithoutShadedRowsStaysOneImage', 'textOverAPictureOfThePageKeepsTheReviewSignal'] Test run with 99 tests in 0 suites failed after 0.336 seconds with 20 issues.
12 escaped count 2 -> 1: KILLED ['marginRulesBridgeNoArtAcrossProse'] Test run with 99 tests in 0 suites failed after 0.303 seconds with 1 issue.
13 underline branch off: KILLED ['anUnderlineBridgesOnlyWhenItUnderlinesOneLine', 'dgaLinkUnderlinesDoNotJoinFootnotesToTheFooterBand'] Test run with 99 tests in 0 suites failed after 0.374 seconds with 3 issues.
14 title backdrops off: KILLED ['dgaPage6ConnectorLeavesTheFirstBulletRowToProse', 'dgaSectionIconsReadWithTheirTitles', 'dgaSectionPagesComeApartIntoIconsBannerAndFooter', 'onlyAnIconBesideAHeadingReadsInItsRow', 'titleBackdropsAreJudgedPerPaintOnlyOutsideBoxesAndFrames'] Test run with 99 tests in 0 suites failed after 0.387 seconds with 15 issues.
15 title backdrop frame exclusion: KILLED ['fedTableTitlesAndDescriptionsAreTheTablesCaption', 'recapturedFed77And109KeepTheirEvidenceWithoutTags', 'titleBackdropsAreJudgedPerPaintOnlyOutsideBoxesAndFrames'] Test run with 99 tests in 0 suites failed after 0.425 seconds with 15 issues.
16 title backdrop box containment: KILLED ['titleBackdropsAreJudgedPerPaintOnlyOutsideBoxesAndFrames'] Test run with 99 tests in 0 suites failed after 0.203 seconds with 1 issue.
17 stacked title at cluster level: KILLED ['aStackedTitleIsOneTitleOnlyWhenJudgedPerPaint'] Test run with 99 tests in 0 suites failed after 0.417 seconds with 1 issue.
18 stacked title off: KILLED ['dgaSectionIconsReadWithTheirTitles', 'dgaSectionPagesComeApartIntoIconsBannerAndFooter'] Test run with 99 tests in 0 suites failed after 0.364 seconds with 2 issues.
19 one-title block test: KILLED ['aStackedTitleIsOneTitleOnlyWhenJudgedPerPaint'] Test run with 99 tests in 0 suites failed after 0.330 seconds with 1 issue.
20 icon reading rect off: KILLED ['dgaSectionIconsReadWithTheirTitles', 'onlyAnIconBesideAHeadingReadsInItsRow'] Test run with 99 tests in 0 suites failed after 0.292 seconds with 4 issues.
21 icon distance guard: SURVIVED [] Test run with 99 tests in 0 suites passed after 0.346 seconds.
22 icon height guard: KILLED ['onlyAnIconBesideAHeadingReadsInItsRow'] Test run with 99 tests in 0 suites failed after 0.322 seconds with 1 issue.
23 trailing heading icons: KILLED ['dgaSectionIconsReadWithTheirTitles', 'onlyAnIconBesideAHeadingReadsInItsRow'] Test run with 99 tests in 0 suites failed after 0.296 seconds with 3 issues.
