0% opening
2026-09-14 22:39:24.448 pdf-reflow[22994:1689146] attributedStringScaled count: 1
2026-09-14 22:39:24.448 pdf-reflow[22994:1689146] attributedStringScaled i: 0
2026-09-14 22:39:24.448 pdf-reflow[22994:1689146] attributedStringScaled count: 1
2026-09-14 22:39:24.448 pdf-reflow[22994:1689146] attributedStringScaled i: 0
2026-09-14 22:39:24.448 pdf-reflow[22994:1689146] attributedStringScaled count: 1
2026-09-14 22:39:24.448 pdf-reflow[22994:1689146] attributedStringScaled i: 0
2026-09-14 22:39:24.448 pdf-reflow[22994:1689146] attributedStringScaled count: 1
2026-09-14 22:39:24.448 pdf-reflow[22994:1689146] attributedStringScaled i: 0
2026-09-14 22:39:24.448 pdf-reflow[22994:1689146] attributedStringScaled count: 1
2026-09-14 22:39:24.448 pdf-reflow[22994:1689146] attributedStringScaled i: 0
57% extracting page 1/1
82% reconstructing page 1/1
83% writing
91% writing
92% writing
94% writing
95% writing
96% writing
97% writing
99% writing
100% completed
