0% opening
2% recognizing page 1/9
8% extracting page 1/9
2026-09-14 20:38:54.356 pdf-reflow[65326:1149876] attributedStringScaled count: 1
2026-09-14 20:38:54.356 pdf-reflow[65326:1149876] attributedStringScaled i: 0
2026-09-14 20:38:54.357 pdf-reflow[65326:1149876] attributedStringScaled count: 1
2026-09-14 20:38:54.357 pdf-reflow[65326:1149876] attributedStringScaled i: 0
2026-09-14 20:38:54.357 pdf-reflow[65326:1149876] attributedStringScaled count: 1
2026-09-14 20:38:54.357 pdf-reflow[65326:1149876] attributedStringScaled i: 0
2026-09-14 20:38:54.357 pdf-reflow[65326:1149876] attributedStringScaled count: 1
2026-09-14 20:38:54.357 pdf-reflow[65326:1149876] attributedStringScaled i: 0
2026-09-14 20:38:54.357 pdf-reflow[65326:1149876] attributedStringScaled count: 1
2026-09-14 20:38:54.357 pdf-reflow[65326:1149876] attributedStringScaled i: 0
2026-09-14 20:38:54.357 pdf-reflow[65326:1149876] attributedStringScaled count: 1
2026-09-14 20:38:54.357 pdf-reflow[65326:1149876] attributedStringScaled i: 0
2026-09-14 20:38:54.357 pdf-reflow[65326:1149876] attributedStringScaled count: 1
2026-09-14 20:38:54.357 pdf-reflow[65326:1149876] attributedStringScaled i: 0
2026-09-14 20:38:54.357 pdf-reflow[65326:1149876] attributedStringScaled count: 1
2026-09-14 20:38:54.357 pdf-reflow[65326:1149876] attributedStringScaled i: 0
2026-09-14 20:38:54.357 pdf-reflow[65326:1149876] attributedStringScaled count: 1
2026-09-14 20:38:54.357 pdf-reflow[65326:1149876] attributedStringScaled i: 0
2026-09-14 20:38:54.357 pdf-reflow[65326:1149876] attributedStringScaled count: 1
2026-09-14 20:38:54.357 pdf-reflow[65326:1149876] attributedStringScaled i: 0
14% extracting page 2/9
2026-09-14 20:38:54.421 pdf-reflow[65326:1149876] attributedStringScaled count: 1
2026-09-14 20:38:54.421 pdf-reflow[65326:1149876] attributedStringScaled i: 0
2026-09-14 20:38:54.421 pdf-reflow[65326:1149876] attributedStringScaled count: 1
2026-09-14 20:38:54.421 pdf-reflow[65326:1149876] attributedStringScaled i: 0
2026-09-14 20:38:54.421 pdf-reflow[65326:1149876] attributedStringScaled count: 1
2026-09-14 20:38:54.421 pdf-reflow[65326:1149876] attributedStringScaled i: 0
2026-09-14 20:38:54.421 pdf-reflow[65326:1149876] attributedStringScaled count: 1
2026-09-14 20:38:54.421 pdf-reflow[65326:1149876] attributedStringScaled i: 0
2026-09-14 20:38:54.421 pdf-reflow[65326:1149876] attributedStringScaled count: 1
2026-09-14 20:38:54.421 pdf-reflow[65326:1149876] attributedStringScaled i: 0
2026-09-14 20:38:54.422 pdf-reflow[65326:1149876] attributedStringScaled count: 1
2026-09-14 20:38:54.422 pdf-reflow[65326:1149876] attributedStringScaled i: 0
2026-09-14 20:38:54.422 pdf-reflow[65326:1149876] attributedStringScaled count: 1
2026-09-14 20:38:54.422 pdf-reflow[65326:1149876] attributedStringScaled i: 0
2026-09-14 20:38:54.422 pdf-reflow[65326:1149876] attributedStringScaled count: 1
2026-09-14 20:38:54.422 pdf-reflow[65326:1149876] attributedStringScaled i: 0
2026-09-14 20:38:54.422 pdf-reflow[65326:1149876] attributedStringScaled count: 1
2026-09-14 20:38:54.422 pdf-reflow[65326:1149876] attributedStringScaled i: 0
2026-09-14 20:38:54.422 pdf-reflow[65326:1149876] attributedStringScaled count: 1
2026-09-14 20:38:54.422 pdf-reflow[65326:1149876] attributedStringScaled i: 0
2026-09-14 20:38:54.422 pdf-reflow[65326:1149876] attributedStringScaled count: 1
2026-09-14 20:38:54.422 pdf-reflow[65326:1149876] attributedStringScaled i: 0
2026-09-14 20:38:54.422 pdf-reflow[65326:1149876] attributedStringScaled count: 1
2026-09-14 20:38:54.422 pdf-reflow[65326:1149876] attributedStringScaled i: 0
2026-09-14 20:38:54.422 pdf-reflow[65326:1149876] attributedStringScaled count: 1
2026-09-14 20:38:54.422 pdf-reflow[65326:1149876] attributedStringScaled i: 0
2026-09-14 20:38:54.422 pdf-reflow[65326:1149876] attributedStringScaled count: 1
2026-09-14 20:38:54.422 pdf-reflow[65326:1149876] attributedStringScaled i: 0
2026-09-14 20:38:54.422 pdf-reflow[65326:1149876] attributedStringScaled count: 1
2026-09-14 20:38:54.422 pdf-reflow[65326:1149876] attributedStringScaled i: 0
2026-09-14 20:38:54.422 pdf-reflow[65326:1149876] attributedStringScaled count: 1
2026-09-14 20:38:54.422 pdf-reflow[65326:1149876] attributedStringScaled i: 0
2026-09-14 20:38:54.422 pdf-reflow[65326:1149876] attributedStringScaled count: 1
2026-09-14 20:38:54.422 pdf-reflow[65326:1149876] attributedStringScaled i: 0
2026-09-14 20:38:54.423 pdf-reflow[65326:1149876] attributedStringScaled count: 1
2026-09-14 20:38:54.423 pdf-reflow[65326:1149876] attributedStringScaled i: 0
2026-09-14 20:38:54.423 pdf-reflow[65326:1149876] attributedStringScaled count: 1
2026-09-14 20:38:54.423 pdf-reflow[65326:1149876] attributedStringScaled i: 0
2026-09-14 20:38:54.423 pdf-reflow[65326:1149876] attributedStringScaled count: 1
2026-09-14 20:38:54.423 pdf-reflow[65326:1149876] attributedStringScaled i: 0
2026-09-14 20:38:54.423 pdf-reflow[65326:1149876] attributedStringScaled count: 1
2026-09-14 20:38:54.423 pdf-reflow[65326:1149876] attributedStringScaled i: 0
2026-09-14 20:38:54.423 pdf-reflow[65326:1149876] attributedStringScaled count: 1
2026-09-14 20:38:54.423 pdf-reflow[65326:1149876] attributedStringScaled i: 0
2026-09-14 20:38:54.423 pdf-reflow[65326:1149876] attributedStringScaled count: 1
2026-09-14 20:38:54.423 pdf-reflow[65326:1149876] attributedStringScaled i: 0
2026-09-14 20:38:54.423 pdf-reflow[65326:1149876] attributedStringScaled count: 1
2026-09-14 20:38:54.423 pdf-reflow[65326:1149876] attributedStringScaled i: 0
2026-09-14 20:38:54.424 pdf-reflow[65326:1149876] attributedStringScaled count: 1
2026-09-14 20:38:54.424 pdf-reflow[65326:1149876] attributedStringScaled i: 0
2026-09-14 20:38:54.424 pdf-reflow[65326:1149876] attributedStringScaled count: 1
2026-09-14 20:38:54.424 pdf-reflow[65326:1149876] attributedStringScaled i: 0
2026-09-14 20:38:54.424 pdf-reflow[65326:1149876] attributedStringScaled count: 1
2026-09-14 20:38:54.424 pdf-reflow[65326:1149876] attributedStringScaled i: 0
2026-09-14 20:38:54.424 pdf-reflow[65326:1149876] attributedStringScaled count: 1
2026-09-14 20:38:54.424 pdf-reflow[65326:1149876] attributedStringScaled i: 0
2026-09-14 20:38:54.424 pdf-reflow[65326:1149876] attributedStringScaled count: 1
2026-09-14 20:38:54.424 pdf-reflow[65326:1149876] attributedStringScaled i: 0
2026-09-14 20:38:54.424 pdf-reflow[65326:1149876] attributedStringScaled count: 1
2026-09-14 20:38:54.424 pdf-reflow[65326:1149876] attributedStringScaled i: 0
2026-09-14 20:38:54.424 pdf-reflow[65326:1149876] attributedStringScaled count: 1
2026-09-14 20:38:54.424 pdf-reflow[65326:1149876] attributedStringScaled i: 0
2026-09-14 20:38:54.424 pdf-reflow[65326:1149876] attributedStringScaled count: 1
2026-09-14 20:38:54.424 pdf-reflow[65326:1149876] attributedStringScaled i: 0
2026-09-14 20:38:54.425 pdf-reflow[65326:1149876] attributedStringScaled count: 1
2026-09-14 20:38:54.425 pdf-reflow[65326:1149876] attributedStringScaled i: 0
2026-09-14 20:38:54.425 pdf-reflow[65326:1149876] attributedStringScaled count: 1
2026-09-14 20:38:54.425 pdf-reflow[65326:1149876] attributedStringScaled i: 0
2026-09-14 20:38:54.425 pdf-reflow[65326:1149876] attributedStringScaled count: 1
2026-09-14 20:38:54.425 pdf-reflow[65326:1149876] attributedStringScaled i: 0
2026-09-14 20:38:54.425 pdf-reflow[65326:1149876] attributedStringScaled count: 1
2026-09-14 20:38:54.425 pdf-reflow[65326:1149876] attributedStringScaled i: 0
2026-09-14 20:38:54.425 pdf-reflow[65326:1149876] attributedStringScaled count: 1
2026-09-14 20:38:54.425 pdf-reflow[65326:1149876] attributedStringScaled i: 0
2026-09-14 20:38:54.425 pdf-reflow[65326:1149876] attributedStringScaled count: 1
2026-09-14 20:38:54.425 pdf-reflow[65326:1149876] attributedStringScaled i: 0
2026-09-14 20:38:54.425 pdf-reflow[65326:1149876] attributedStringScaled count: 1
2026-09-14 20:38:54.425 pdf-reflow[65326:1149876] attributedStringScaled i: 0
2026-09-14 20:38:54.425 pdf-reflow[65326:1149876] attributedStringScaled count: 1
2026-09-14 20:38:54.425 pdf-reflow[65326:1149876] attributedStringScaled i: 0
2026-09-14 20:38:54.425 pdf-reflow[65326:1149876] attributedStringScaled count: 1
2026-09-14 20:38:54.425 pdf-reflow[65326:1149876] attributedStringScaled i: 0
2026-09-14 20:38:54.425 pdf-reflow[65326:1149876] attributedStringScaled count: 1
2026-09-14 20:38:54.425 pdf-reflow[65326:1149876] attributedStringScaled i: 0
2026-09-14 20:38:54.425 pdf-reflow[65326:1149876] attributedStringScaled count: 1
2026-09-14 20:38:54.425 pdf-reflow[65326:1149876] attributedStringScaled i: 0
2026-09-14 20:38:54.425 pdf-reflow[65326:1149876] attributedStringScaled count: 1
2026-09-14 20:38:54.425 pdf-reflow[65326:1149876] attributedStringScaled i: 0
20% extracting page 3/9
2026-09-14 20:38:54.491 pdf-reflow[65326:1149876] attributedStringScaled count: 1
2026-09-14 20:38:54.491 pdf-reflow[65326:1149876] attributedStringScaled i: 0
2026-09-14 20:38:54.491 pdf-reflow[65326:1149876] attributedStringScaled count: 1
2026-09-14 20:38:54.491 pdf-reflow[65326:1149876] attributedStringScaled i: 0
2026-09-14 20:38:54.491 pdf-reflow[65326:1149876] attributedStringScaled count: 1
2026-09-14 20:38:54.491 pdf-reflow[65326:1149876] attributedStringScaled i: 0
2026-09-14 20:38:54.491 pdf-reflow[65326:1149876] attributedStringScaled count: 1
2026-09-14 20:38:54.491 pdf-reflow[65326:1149876] attributedStringScaled i: 0
2026-09-14 20:38:54.491 pdf-reflow[65326:1149876] attributedStringScaled count: 1
2026-09-14 20:38:54.491 pdf-reflow[65326:1149876] attributedStringScaled i: 0
2026-09-14 20:38:54.492 pdf-reflow[65326:1149876] attributedStringScaled count: 1
2026-09-14 20:38:54.492 pdf-reflow[65326:1149876] attributedStringScaled i: 0
2026-09-14 20:38:54.492 pdf-reflow[65326:1149876] attributedStringScaled count: 1
2026-09-14 20:38:54.492 pdf-reflow[65326:1149876] attributedStringScaled i: 0
2026-09-14 20:38:54.492 pdf-reflow[65326:1149876] attributedStringScaled count: 1
2026-09-14 20:38:54.492 pdf-reflow[65326:1149876] attributedStringScaled i: 0
2026-09-14 20:38:54.492 pdf-reflow[65326:1149876] attributedStringScaled count: 1
2026-09-14 20:38:54.492 pdf-reflow[65326:1149876] attributedStringScaled i: 0
2026-09-14 20:38:54.492 pdf-reflow[65326:1149876] attributedStringScaled count: 1
2026-09-14 20:38:54.492 pdf-reflow[65326:1149876] attributedStringScaled i: 0
2026-09-14 20:38:54.492 pdf-reflow[65326:1149876] attributedStringScaled count: 1
2026-09-14 20:38:54.492 pdf-reflow[65326:1149876] attributedStringScaled i: 0
2026-09-14 20:38:54.493 pdf-reflow[65326:1149876] attributedStringScaled count: 1
2026-09-14 20:38:54.493 pdf-reflow[65326:1149876] attributedStringScaled i: 0
2026-09-14 20:38:54.493 pdf-reflow[65326:1149876] attributedStringScaled count: 1
2026-09-14 20:38:54.493 pdf-reflow[65326:1149876] attributedStringScaled i: 0
2026-09-14 20:38:54.493 pdf-reflow[65326:1149876] attributedStringScaled count: 1
2026-09-14 20:38:54.493 pdf-reflow[65326:1149876] attributedStringScaled i: 0
2026-09-14 20:38:54.493 pdf-reflow[65326:1149876] attributedStringScaled count: 1
2026-09-14 20:38:54.493 pdf-reflow[65326:1149876] attributedStringScaled i: 0
2026-09-14 20:38:54.493 pdf-reflow[65326:1149876] attributedStringScaled count: 1
2026-09-14 20:38:54.493 pdf-reflow[65326:1149876] attributedStringScaled i: 0
2026-09-14 20:38:54.493 pdf-reflow[65326:1149876] attributedStringScaled count: 1
2026-09-14 20:38:54.493 pdf-reflow[65326:1149876] attributedStringScaled i: 0
2026-09-14 20:38:54.494 pdf-reflow[65326:1149876] attributedStringScaled count: 1
2026-09-14 20:38:54.494 pdf-reflow[65326:1149876] attributedStringScaled i: 0
2026-09-14 20:38:54.494 pdf-reflow[65326:1149876] attributedStringScaled count: 1
2026-09-14 20:38:54.494 pdf-reflow[65326:1149876] attributedStringScaled i: 0
2026-09-14 20:38:54.494 pdf-reflow[65326:1149876] attributedStringScaled count: 1
2026-09-14 20:38:54.494 pdf-reflow[65326:1149876] attributedStringScaled i: 0
2026-09-14 20:38:54.494 pdf-reflow[65326:1149876] attributedStringScaled count: 1
2026-09-14 20:38:54.494 pdf-reflow[65326:1149876] attributedStringScaled i: 0
2026-09-14 20:38:54.494 pdf-reflow[65326:1149876] attributedStringScaled count: 1
2026-09-14 20:38:54.494 pdf-reflow[65326:1149876] attributedStringScaled i: 0
2026-09-14 20:38:54.494 pdf-reflow[65326:1149876] attributedStringScaled count: 1
2026-09-14 20:38:54.494 pdf-reflow[65326:1149876] attributedStringScaled i: 0
2026-09-14 20:38:54.494 pdf-reflow[65326:1149876] attributedStringScaled count: 1
2026-09-14 20:38:54.494 pdf-reflow[65326:1149876] attributedStringScaled i: 0
2026-09-14 20:38:54.495 pdf-reflow[65326:1149876] attributedStringScaled count: 1
2026-09-14 20:38:54.495 pdf-reflow[65326:1149876] attributedStringScaled i: 0
2026-09-14 20:38:54.495 pdf-reflow[65326:1149876] attributedStringScaled count: 1
2026-09-14 20:38:54.495 pdf-reflow[65326:1149876] attributedStringScaled i: 0
2026-09-14 20:38:54.495 pdf-reflow[65326:1149876] attributedStringScaled count: 1
2026-09-14 20:38:54.495 pdf-reflow[65326:1149876] attributedStringScaled i: 0
2026-09-14 20:38:54.495 pdf-reflow[65326:1149876] attributedStringScaled count: 1
2026-09-14 20:38:54.495 pdf-reflow[65326:1149876] attributedStringScaled i: 0
2026-09-14 20:38:54.495 pdf-reflow[65326:1149876] attributedStringScaled count: 1
2026-09-14 20:38:54.495 pdf-reflow[65326:1149876] attributedStringScaled i: 0
2026-09-14 20:38:54.495 pdf-reflow[65326:1149876] attributedStringScaled count: 1
2026-09-14 20:38:54.495 pdf-reflow[65326:1149876] attributedStringScaled i: 0
2026-09-14 20:38:54.496 pdf-reflow[65326:1149876] attributedStringScaled count: 1
2026-09-14 20:38:54.496 pdf-reflow[65326:1149876] attributedStringScaled i: 0
2026-09-14 20:38:54.496 pdf-reflow[65326:1149876] attributedStringScaled count: 1
2026-09-14 20:38:54.496 pdf-reflow[65326:1149876] attributedStringScaled i: 0
2026-09-14 20:38:54.496 pdf-reflow[65326:1149876] attributedStringScaled count: 1
2026-09-14 20:38:54.496 pdf-reflow[65326:1149876] attributedStringScaled i: 0
2026-09-14 20:38:54.496 pdf-reflow[65326:1149876] attributedStringScaled count: 1
2026-09-14 20:38:54.496 pdf-reflow[65326:1149876] attributedStringScaled i: 0
2026-09-14 20:38:54.496 pdf-reflow[65326:1149876] attributedStringScaled count: 1
2026-09-14 20:38:54.496 pdf-reflow[65326:1149876] attributedStringScaled i: 0
2026-09-14 20:38:54.496 pdf-reflow[65326:1149876] attributedStringScaled count: 1
2026-09-14 20:38:54.496 pdf-reflow[65326:1149876] attributedStringScaled i: 0
2026-09-14 20:38:54.496 pdf-reflow[65326:1149876] attributedStringScaled count: 1
2026-09-14 20:38:54.496 pdf-reflow[65326:1149876] attributedStringScaled i: 0
2026-09-14 20:38:54.497 pdf-reflow[65326:1149876] attributedStringScaled count: 1
2026-09-14 20:38:54.497 pdf-reflow[65326:1149876] attributedStringScaled i: 0
2026-09-14 20:38:54.497 pdf-reflow[65326:1149876] attributedStringScaled count: 1
2026-09-14 20:38:54.497 pdf-reflow[65326:1149876] attributedStringScaled i: 0
2026-09-14 20:38:54.497 pdf-reflow[65326:1149876] attributedStringScaled count: 1
2026-09-14 20:38:54.497 pdf-reflow[65326:1149876] attributedStringScaled i: 0
2026-09-14 20:38:54.497 pdf-reflow[65326:1149876] attributedStringScaled count: 1
2026-09-14 20:38:54.497 pdf-reflow[65326:1149876] attributedStringScaled i: 0
2026-09-14 20:38:54.497 pdf-reflow[65326:1149876] attributedStringScaled count: 1
2026-09-14 20:38:54.497 pdf-reflow[65326:1149876] attributedStringScaled i: 0
2026-09-14 20:38:54.497 pdf-reflow[65326:1149876] attributedStringScaled count: 1
2026-09-14 20:38:54.497 pdf-reflow[65326:1149876] attributedStringScaled i: 0
2026-09-14 20:38:54.498 pdf-reflow[65326:1149876] attributedStringScaled count: 1
2026-09-14 20:38:54.498 pdf-reflow[65326:1149876] attributedStringScaled i: 0
2026-09-14 20:38:54.498 pdf-reflow[65326:1149876] attributedStringScaled count: 1
2026-09-14 20:38:54.498 pdf-reflow[65326:1149876] attributedStringScaled i: 0
2026-09-14 20:38:54.498 pdf-reflow[65326:1149876] attributedStringScaled count: 1
2026-09-14 20:38:54.498 pdf-reflow[65326:1149876] attributedStringScaled i: 0
2026-09-14 20:38:54.498 pdf-reflow[65326:1149876] attributedStringScaled count: 1
2026-09-14 20:38:54.498 pdf-reflow[65326:1149876] attributedStringScaled i: 0
2026-09-14 20:38:54.498 pdf-reflow[65326:1149876] attributedStringScaled count: 1
2026-09-14 20:38:54.498 pdf-reflow[65326:1149876] attributedStringScaled i: 0
2026-09-14 20:38:54.498 pdf-reflow[65326:1149876] attributedStringScaled count: 1
2026-09-14 20:38:54.498 pdf-reflow[65326:1149876] attributedStringScaled i: 0
26% extracting page 4/9
2026-09-14 20:38:54.563 pdf-reflow[65326:1149876] attributedStringScaled count: 1
2026-09-14 20:38:54.563 pdf-reflow[65326:1149876] attributedStringScaled i: 0
2026-09-14 20:38:54.563 pdf-reflow[65326:1149876] attributedStringScaled count: 1
2026-09-14 20:38:54.563 pdf-reflow[65326:1149876] attributedStringScaled i: 0
2026-09-14 20:38:54.563 pdf-reflow[65326:1149876] attributedStringScaled count: 1
2026-09-14 20:38:54.563 pdf-reflow[65326:1149876] attributedStringScaled i: 0
2026-09-14 20:38:54.563 pdf-reflow[65326:1149876] attributedStringScaled count: 1
2026-09-14 20:38:54.563 pdf-reflow[65326:1149876] attributedStringScaled i: 0
2026-09-14 20:38:54.564 pdf-reflow[65326:1149876] attributedStringScaled count: 1
2026-09-14 20:38:54.564 pdf-reflow[65326:1149876] attributedStringScaled i: 0
2026-09-14 20:38:54.564 pdf-reflow[65326:1149876] attributedStringScaled count: 1
2026-09-14 20:38:54.564 pdf-reflow[65326:1149876] attributedStringScaled i: 0
2026-09-14 20:38:54.564 pdf-reflow[65326:1149876] attributedStringScaled count: 1
2026-09-14 20:38:54.564 pdf-reflow[65326:1149876] attributedStringScaled i: 0
2026-09-14 20:38:54.565 pdf-reflow[65326:1149876] attributedStringScaled count: 1
2026-09-14 20:38:54.565 pdf-reflow[65326:1149876] attributedStringScaled i: 0
2026-09-14 20:38:54.565 pdf-reflow[65326:1149876] attributedStringScaled count: 1
2026-09-14 20:38:54.565 pdf-reflow[65326:1149876] attributedStringScaled i: 0
2026-09-14 20:38:54.565 pdf-reflow[65326:1149876] attributedStringScaled count: 1
2026-09-14 20:38:54.565 pdf-reflow[65326:1149876] attributedStringScaled i: 0
2026-09-14 20:38:54.565 pdf-reflow[65326:1149876] attributedStringScaled count: 1
2026-09-14 20:38:54.565 pdf-reflow[65326:1149876] attributedStringScaled i: 0
2026-09-14 20:38:54.565 pdf-reflow[65326:1149876] attributedStringScaled count: 1
2026-09-14 20:38:54.565 pdf-reflow[65326:1149876] attributedStringScaled i: 0
2026-09-14 20:38:54.565 pdf-reflow[65326:1149876] attributedStringScaled count: 1
2026-09-14 20:38:54.565 pdf-reflow[65326:1149876] attributedStringScaled i: 0
2026-09-14 20:38:54.565 pdf-reflow[65326:1149876] attributedStringScaled count: 1
2026-09-14 20:38:54.565 pdf-reflow[65326:1149876] attributedStringScaled i: 0
2026-09-14 20:38:54.566 pdf-reflow[65326:1149876] attributedStringScaled count: 1
2026-09-14 20:38:54.566 pdf-reflow[65326:1149876] attributedStringScaled i: 0
2026-09-14 20:38:54.566 pdf-reflow[65326:1149876] attributedStringScaled count: 1
2026-09-14 20:38:54.566 pdf-reflow[65326:1149876] attributedStringScaled i: 0
2026-09-14 20:38:54.566 pdf-reflow[65326:1149876] attributedStringScaled count: 1
2026-09-14 20:38:54.566 pdf-reflow[65326:1149876] attributedStringScaled i: 0
2026-09-14 20:38:54.566 pdf-reflow[65326:1149876] attributedStringScaled count: 1
2026-09-14 20:38:54.566 pdf-reflow[65326:1149876] attributedStringScaled i: 0
2026-09-14 20:38:54.566 pdf-reflow[65326:1149876] attributedStringScaled count: 1
2026-09-14 20:38:54.566 pdf-reflow[65326:1149876] attributedStringScaled i: 0
2026-09-14 20:38:54.566 pdf-reflow[65326:1149876] attributedStringScaled count: 1
2026-09-14 20:38:54.566 pdf-reflow[65326:1149876] attributedStringScaled i: 0
2026-09-14 20:38:54.567 pdf-reflow[65326:1149876] attributedStringScaled count: 1
2026-09-14 20:38:54.567 pdf-reflow[65326:1149876] attributedStringScaled i: 0
2026-09-14 20:38:54.567 pdf-reflow[65326:1149876] attributedStringScaled count: 1
2026-09-14 20:38:54.567 pdf-reflow[65326:1149876] attributedStringScaled i: 0
2026-09-14 20:38:54.567 pdf-reflow[65326:1149876] attributedStringScaled count: 1
2026-09-14 20:38:54.567 pdf-reflow[65326:1149876] attributedStringScaled i: 0
2026-09-14 20:38:54.567 pdf-reflow[65326:1149876] attributedStringScaled count: 1
2026-09-14 20:38:54.567 pdf-reflow[65326:1149876] attributedStringScaled i: 0
2026-09-14 20:38:54.567 pdf-reflow[65326:1149876] attributedStringScaled count: 1
2026-09-14 20:38:54.567 pdf-reflow[65326:1149876] attributedStringScaled i: 0
2026-09-14 20:38:54.567 pdf-reflow[65326:1149876] attributedStringScaled count: 1
2026-09-14 20:38:54.567 pdf-reflow[65326:1149876] attributedStringScaled i: 0
2026-09-14 20:38:54.567 pdf-reflow[65326:1149876] attributedStringScaled count: 1
2026-09-14 20:38:54.567 pdf-reflow[65326:1149876] attributedStringScaled i: 0
2026-09-14 20:38:54.567 pdf-reflow[65326:1149876] attributedStringScaled count: 1
2026-09-14 20:38:54.567 pdf-reflow[65326:1149876] attributedStringScaled i: 0
2026-09-14 20:38:54.568 pdf-reflow[65326:1149876] attributedStringScaled count: 1
2026-09-14 20:38:54.568 pdf-reflow[65326:1149876] attributedStringScaled i: 0
2026-09-14 20:38:54.568 pdf-reflow[65326:1149876] attributedStringScaled count: 1
2026-09-14 20:38:54.568 pdf-reflow[65326:1149876] attributedStringScaled i: 0
2026-09-14 20:38:54.568 pdf-reflow[65326:1149876] attributedStringScaled count: 1
2026-09-14 20:38:54.568 pdf-reflow[65326:1149876] attributedStringScaled i: 0
2026-09-14 20:38:54.568 pdf-reflow[65326:1149876] attributedStringScaled count: 1
2026-09-14 20:38:54.568 pdf-reflow[65326:1149876] attributedStringScaled i: 0
2026-09-14 20:38:54.568 pdf-reflow[65326:1149876] attributedStringScaled count: 1
2026-09-14 20:38:54.568 pdf-reflow[65326:1149876] attributedStringScaled i: 0
2026-09-14 20:38:54.568 pdf-reflow[65326:1149876] attributedStringScaled count: 1
2026-09-14 20:38:54.568 pdf-reflow[65326:1149876] attributedStringScaled i: 0
2026-09-14 20:38:54.568 pdf-reflow[65326:1149876] attributedStringScaled count: 1
2026-09-14 20:38:54.568 pdf-reflow[65326:1149876] attributedStringScaled i: 0
2026-09-14 20:38:54.569 pdf-reflow[65326:1149876] attributedStringScaled count: 1
2026-09-14 20:38:54.569 pdf-reflow[65326:1149876] attributedStringScaled i: 0
2026-09-14 20:38:54.569 pdf-reflow[65326:1149876] attributedStringScaled count: 1
2026-09-14 20:38:54.569 pdf-reflow[65326:1149876] attributedStringScaled i: 0
2026-09-14 20:38:54.569 pdf-reflow[65326:1149876] attributedStringScaled count: 1
2026-09-14 20:38:54.569 pdf-reflow[65326:1149876] attributedStringScaled i: 0
2026-09-14 20:38:54.569 pdf-reflow[65326:1149876] attributedStringScaled count: 1
2026-09-14 20:38:54.569 pdf-reflow[65326:1149876] attributedStringScaled i: 0
2026-09-14 20:38:54.569 pdf-reflow[65326:1149876] attributedStringScaled count: 1
2026-09-14 20:38:54.569 pdf-reflow[65326:1149876] attributedStringScaled i: 0
2026-09-14 20:38:54.569 pdf-reflow[65326:1149876] attributedStringScaled count: 1
2026-09-14 20:38:54.569 pdf-reflow[65326:1149876] attributedStringScaled i: 0
2026-09-14 20:38:54.569 pdf-reflow[65326:1149876] attributedStringScaled count: 1
2026-09-14 20:38:54.569 pdf-reflow[65326:1149876] attributedStringScaled i: 0
2026-09-14 20:38:54.570 pdf-reflow[65326:1149876] attributedStringScaled count: 1
2026-09-14 20:38:54.570 pdf-reflow[65326:1149876] attributedStringScaled i: 0
2026-09-14 20:38:54.570 pdf-reflow[65326:1149876] attributedStringScaled count: 1
2026-09-14 20:38:54.570 pdf-reflow[65326:1149876] attributedStringScaled i: 0
2026-09-14 20:38:54.570 pdf-reflow[65326:1149876] attributedStringScaled count: 1
2026-09-14 20:38:54.570 pdf-reflow[65326:1149876] attributedStringScaled i: 0
2026-09-14 20:38:54.570 pdf-reflow[65326:1149876] attributedStringScaled count: 1
2026-09-14 20:38:54.570 pdf-reflow[65326:1149876] attributedStringScaled i: 0
2026-09-14 20:38:54.570 pdf-reflow[65326:1149876] attributedStringScaled count: 1
2026-09-14 20:38:54.570 pdf-reflow[65326:1149876] attributedStringScaled i: 0
2026-09-14 20:38:54.570 pdf-reflow[65326:1149876] attributedStringScaled count: 1
2026-09-14 20:38:54.570 pdf-reflow[65326:1149876] attributedStringScaled i: 0
2026-09-14 20:38:54.570 pdf-reflow[65326:1149876] attributedStringScaled count: 1
2026-09-14 20:38:54.570 pdf-reflow[65326:1149876] attributedStringScaled i: 0
32% extracting page 5/9
2026-09-14 20:38:54.636 pdf-reflow[65326:1149876] attributedStringScaled count: 1
2026-09-14 20:38:54.636 pdf-reflow[65326:1149876] attributedStringScaled i: 0
2026-09-14 20:38:54.636 pdf-reflow[65326:1149876] attributedStringScaled count: 1
2026-09-14 20:38:54.636 pdf-reflow[65326:1149876] attributedStringScaled i: 0
2026-09-14 20:38:54.636 pdf-reflow[65326:1149876] attributedStringScaled count: 1
2026-09-14 20:38:54.636 pdf-reflow[65326:1149876] attributedStringScaled i: 0
2026-09-14 20:38:54.636 pdf-reflow[65326:1149876] attributedStringScaled count: 1
2026-09-14 20:38:54.636 pdf-reflow[65326:1149876] attributedStringScaled i: 0
2026-09-14 20:38:54.636 pdf-reflow[65326:1149876] attributedStringScaled count: 1
2026-09-14 20:38:54.636 pdf-reflow[65326:1149876] attributedStringScaled i: 0
2026-09-14 20:38:54.636 pdf-reflow[65326:1149876] attributedStringScaled count: 1
2026-09-14 20:38:54.636 pdf-reflow[65326:1149876] attributedStringScaled i: 0
2026-09-14 20:38:54.636 pdf-reflow[65326:1149876] attributedStringScaled count: 1
2026-09-14 20:38:54.636 pdf-reflow[65326:1149876] attributedStringScaled i: 0
2026-09-14 20:38:54.637 pdf-reflow[65326:1149876] attributedStringScaled count: 1
2026-09-14 20:38:54.637 pdf-reflow[65326:1149876] attributedStringScaled i: 0
2026-09-14 20:38:54.637 pdf-reflow[65326:1149876] attributedStringScaled count: 1
2026-09-14 20:38:54.637 pdf-reflow[65326:1149876] attributedStringScaled i: 0
2026-09-14 20:38:54.637 pdf-reflow[65326:1149876] attributedStringScaled count: 1
2026-09-14 20:38:54.637 pdf-reflow[65326:1149876] attributedStringScaled i: 0
2026-09-14 20:38:54.637 pdf-reflow[65326:1149876] attributedStringScaled count: 1
2026-09-14 20:38:54.637 pdf-reflow[65326:1149876] attributedStringScaled i: 0
2026-09-14 20:38:54.637 pdf-reflow[65326:1149876] attributedStringScaled count: 1
2026-09-14 20:38:54.637 pdf-reflow[65326:1149876] attributedStringScaled i: 0
2026-09-14 20:38:54.637 pdf-reflow[65326:1149876] attributedStringScaled count: 1
2026-09-14 20:38:54.637 pdf-reflow[65326:1149876] attributedStringScaled i: 0
2026-09-14 20:38:54.638 pdf-reflow[65326:1149876] attributedStringScaled count: 1
2026-09-14 20:38:54.638 pdf-reflow[65326:1149876] attributedStringScaled i: 0
2026-09-14 20:38:54.638 pdf-reflow[65326:1149876] attributedStringScaled count: 1
2026-09-14 20:38:54.638 pdf-reflow[65326:1149876] attributedStringScaled i: 0
2026-09-14 20:38:54.638 pdf-reflow[65326:1149876] attributedStringScaled count: 1
2026-09-14 20:38:54.638 pdf-reflow[65326:1149876] attributedStringScaled i: 0
2026-09-14 20:38:54.638 pdf-reflow[65326:1149876] attributedStringScaled count: 1
2026-09-14 20:38:54.638 pdf-reflow[65326:1149876] attributedStringScaled i: 0
2026-09-14 20:38:54.638 pdf-reflow[65326:1149876] attributedStringScaled count: 1
2026-09-14 20:38:54.638 pdf-reflow[65326:1149876] attributedStringScaled i: 0
2026-09-14 20:38:54.638 pdf-reflow[65326:1149876] attributedStringScaled count: 1
2026-09-14 20:38:54.638 pdf-reflow[65326:1149876] attributedStringScaled i: 0
2026-09-14 20:38:54.638 pdf-reflow[65326:1149876] attributedStringScaled count: 1
2026-09-14 20:38:54.639 pdf-reflow[65326:1149876] attributedStringScaled i: 0
2026-09-14 20:38:54.639 pdf-reflow[65326:1149876] attributedStringScaled count: 1
2026-09-14 20:38:54.639 pdf-reflow[65326:1149876] attributedStringScaled i: 0
2026-09-14 20:38:54.639 pdf-reflow[65326:1149876] attributedStringScaled count: 1
2026-09-14 20:38:54.639 pdf-reflow[65326:1149876] attributedStringScaled i: 0
2026-09-14 20:38:54.639 pdf-reflow[65326:1149876] attributedStringScaled count: 1
2026-09-14 20:38:54.639 pdf-reflow[65326:1149876] attributedStringScaled i: 0
2026-09-14 20:38:54.639 pdf-reflow[65326:1149876] attributedStringScaled count: 1
2026-09-14 20:38:54.639 pdf-reflow[65326:1149876] attributedStringScaled i: 0
2026-09-14 20:38:54.639 pdf-reflow[65326:1149876] attributedStringScaled count: 1
2026-09-14 20:38:54.639 pdf-reflow[65326:1149876] attributedStringScaled i: 0
2026-09-14 20:38:54.639 pdf-reflow[65326:1149876] attributedStringScaled count: 1
2026-09-14 20:38:54.639 pdf-reflow[65326:1149876] attributedStringScaled i: 0
2026-09-14 20:38:54.640 pdf-reflow[65326:1149876] attributedStringScaled count: 1
2026-09-14 20:38:54.640 pdf-reflow[65326:1149876] attributedStringScaled i: 0
2026-09-14 20:38:54.640 pdf-reflow[65326:1149876] attributedStringScaled count: 1
2026-09-14 20:38:54.640 pdf-reflow[65326:1149876] attributedStringScaled i: 0
2026-09-14 20:38:54.640 pdf-reflow[65326:1149876] attributedStringScaled count: 1
2026-09-14 20:38:54.640 pdf-reflow[65326:1149876] attributedStringScaled i: 0
2026-09-14 20:38:54.640 pdf-reflow[65326:1149876] attributedStringScaled count: 1
2026-09-14 20:38:54.640 pdf-reflow[65326:1149876] attributedStringScaled i: 0
2026-09-14 20:38:54.640 pdf-reflow[65326:1149876] attributedStringScaled count: 1
2026-09-14 20:38:54.640 pdf-reflow[65326:1149876] attributedStringScaled i: 0
2026-09-14 20:38:54.640 pdf-reflow[65326:1149876] attributedStringScaled count: 1
2026-09-14 20:38:54.640 pdf-reflow[65326:1149876] attributedStringScaled i: 0
2026-09-14 20:38:54.641 pdf-reflow[65326:1149876] attributedStringScaled count: 1
2026-09-14 20:38:54.641 pdf-reflow[65326:1149876] attributedStringScaled i: 0
2026-09-14 20:38:54.641 pdf-reflow[65326:1149876] attributedStringScaled count: 1
2026-09-14 20:38:54.641 pdf-reflow[65326:1149876] attributedStringScaled i: 0
2026-09-14 20:38:54.641 pdf-reflow[65326:1149876] attributedStringScaled count: 1
2026-09-14 20:38:54.641 pdf-reflow[65326:1149876] attributedStringScaled i: 0
2026-09-14 20:38:54.641 pdf-reflow[65326:1149876] attributedStringScaled count: 1
2026-09-14 20:38:54.641 pdf-reflow[65326:1149876] attributedStringScaled i: 0
2026-09-14 20:38:54.641 pdf-reflow[65326:1149876] attributedStringScaled count: 1
2026-09-14 20:38:54.641 pdf-reflow[65326:1149876] attributedStringScaled i: 0
2026-09-14 20:38:54.641 pdf-reflow[65326:1149876] attributedStringScaled count: 1
2026-09-14 20:38:54.641 pdf-reflow[65326:1149876] attributedStringScaled i: 0
2026-09-14 20:38:54.641 pdf-reflow[65326:1149876] attributedStringScaled count: 1
2026-09-14 20:38:54.641 pdf-reflow[65326:1149876] attributedStringScaled i: 0
2026-09-14 20:38:54.642 pdf-reflow[65326:1149876] attributedStringScaled count: 1
2026-09-14 20:38:54.642 pdf-reflow[65326:1149876] attributedStringScaled i: 0
2026-09-14 20:38:54.642 pdf-reflow[65326:1149876] attributedStringScaled count: 1
2026-09-14 20:38:54.642 pdf-reflow[65326:1149876] attributedStringScaled i: 0
2026-09-14 20:38:54.642 pdf-reflow[65326:1149876] attributedStringScaled count: 1
2026-09-14 20:38:54.642 pdf-reflow[65326:1149876] attributedStringScaled i: 0
2026-09-14 20:38:54.642 pdf-reflow[65326:1149876] attributedStringScaled count: 1
2026-09-14 20:38:54.642 pdf-reflow[65326:1149876] attributedStringScaled i: 0
2026-09-14 20:38:54.642 pdf-reflow[65326:1149876] attributedStringScaled count: 1
2026-09-14 20:38:54.642 pdf-reflow[65326:1149876] attributedStringScaled i: 0
2026-09-14 20:38:54.642 pdf-reflow[65326:1149876] attributedStringScaled count: 1
2026-09-14 20:38:54.642 pdf-reflow[65326:1149876] attributedStringScaled i: 0
2026-09-14 20:38:54.642 pdf-reflow[65326:1149876] attributedStringScaled count: 1
2026-09-14 20:38:54.642 pdf-reflow[65326:1149876] attributedStringScaled i: 0
2026-09-14 20:38:54.643 pdf-reflow[65326:1149876] attributedStringScaled count: 1
2026-09-14 20:38:54.643 pdf-reflow[65326:1149876] attributedStringScaled i: 0
2026-09-14 20:38:54.643 pdf-reflow[65326:1149876] attributedStringScaled count: 1
2026-09-14 20:38:54.643 pdf-reflow[65326:1149876] attributedStringScaled i: 0
2026-09-14 20:38:54.643 pdf-reflow[65326:1149876] attributedStringScaled count: 1
2026-09-14 20:38:54.643 pdf-reflow[65326:1149876] attributedStringScaled i: 0
2026-09-14 20:38:54.643 pdf-reflow[65326:1149876] attributedStringScaled count: 1
2026-09-14 20:38:54.643 pdf-reflow[65326:1149876] attributedStringScaled i: 0
2026-09-14 20:38:54.643 pdf-reflow[65326:1149876] attributedStringScaled count: 1
2026-09-14 20:38:54.643 pdf-reflow[65326:1149876] attributedStringScaled i: 0
38% extracting page 6/9
2026-09-14 20:38:54.711 pdf-reflow[65326:1149876] attributedStringScaled count: 1
2026-09-14 20:38:54.711 pdf-reflow[65326:1149876] attributedStringScaled i: 0
2026-09-14 20:38:54.711 pdf-reflow[65326:1149876] attributedStringScaled count: 1
2026-09-14 20:38:54.711 pdf-reflow[65326:1149876] attributedStringScaled i: 0
2026-09-14 20:38:54.711 pdf-reflow[65326:1149876] attributedStringScaled count: 1
2026-09-14 20:38:54.711 pdf-reflow[65326:1149876] attributedStringScaled i: 0
2026-09-14 20:38:54.712 pdf-reflow[65326:1149876] attributedStringScaled count: 1
2026-09-14 20:38:54.712 pdf-reflow[65326:1149876] attributedStringScaled i: 0
2026-09-14 20:38:54.712 pdf-reflow[65326:1149876] attributedStringScaled count: 1
2026-09-14 20:38:54.712 pdf-reflow[65326:1149876] attributedStringScaled i: 0
2026-09-14 20:38:54.712 pdf-reflow[65326:1149876] attributedStringScaled count: 1
2026-09-14 20:38:54.712 pdf-reflow[65326:1149876] attributedStringScaled i: 0
2026-09-14 20:38:54.712 pdf-reflow[65326:1149876] attributedStringScaled count: 1
2026-09-14 20:38:54.712 pdf-reflow[65326:1149876] attributedStringScaled i: 0
2026-09-14 20:38:54.712 pdf-reflow[65326:1149876] attributedStringScaled count: 1
2026-09-14 20:38:54.712 pdf-reflow[65326:1149876] attributedStringScaled i: 0
2026-09-14 20:38:54.712 pdf-reflow[65326:1149876] attributedStringScaled count: 1
2026-09-14 20:38:54.712 pdf-reflow[65326:1149876] attributedStringScaled i: 0
2026-09-14 20:38:54.712 pdf-reflow[65326:1149876] attributedStringScaled count: 1
2026-09-14 20:38:54.712 pdf-reflow[65326:1149876] attributedStringScaled i: 0
2026-09-14 20:38:54.712 pdf-reflow[65326:1149876] attributedStringScaled count: 1
2026-09-14 20:38:54.712 pdf-reflow[65326:1149876] attributedStringScaled i: 0
2026-09-14 20:38:54.712 pdf-reflow[65326:1149876] attributedStringScaled count: 1
2026-09-14 20:38:54.712 pdf-reflow[65326:1149876] attributedStringScaled i: 0
2026-09-14 20:38:54.712 pdf-reflow[65326:1149876] attributedStringScaled count: 1
2026-09-14 20:38:54.712 pdf-reflow[65326:1149876] attributedStringScaled i: 0
2026-09-14 20:38:54.712 pdf-reflow[65326:1149876] attributedStringScaled count: 1
2026-09-14 20:38:54.712 pdf-reflow[65326:1149876] attributedStringScaled i: 0
2026-09-14 20:38:54.712 pdf-reflow[65326:1149876] attributedStringScaled count: 1
2026-09-14 20:38:54.712 pdf-reflow[65326:1149876] attributedStringScaled i: 0
2026-09-14 20:38:54.712 pdf-reflow[65326:1149876] attributedStringScaled count: 1
2026-09-14 20:38:54.712 pdf-reflow[65326:1149876] attributedStringScaled i: 0
2026-09-14 20:38:54.713 pdf-reflow[65326:1149876] attributedStringScaled count: 1
2026-09-14 20:38:54.713 pdf-reflow[65326:1149876] attributedStringScaled i: 0
2026-09-14 20:38:54.713 pdf-reflow[65326:1149876] attributedStringScaled count: 1
2026-09-14 20:38:54.713 pdf-reflow[65326:1149876] attributedStringScaled i: 0
2026-09-14 20:38:54.713 pdf-reflow[65326:1149876] attributedStringScaled count: 1
2026-09-14 20:38:54.713 pdf-reflow[65326:1149876] attributedStringScaled i: 0
2026-09-14 20:38:54.713 pdf-reflow[65326:1149876] attributedStringScaled count: 1
2026-09-14 20:38:54.713 pdf-reflow[65326:1149876] attributedStringScaled i: 0
2026-09-14 20:38:54.713 pdf-reflow[65326:1149876] attributedStringScaled count: 1
2026-09-14 20:38:54.713 pdf-reflow[65326:1149876] attributedStringScaled i: 0
2026-09-14 20:38:54.713 pdf-reflow[65326:1149876] attributedStringScaled count: 1
2026-09-14 20:38:54.713 pdf-reflow[65326:1149876] attributedStringScaled i: 0
2026-09-14 20:38:54.713 pdf-reflow[65326:1149876] attributedStringScaled count: 1
2026-09-14 20:38:54.713 pdf-reflow[65326:1149876] attributedStringScaled i: 0
2026-09-14 20:38:54.713 pdf-reflow[65326:1149876] attributedStringScaled count: 1
2026-09-14 20:38:54.713 pdf-reflow[65326:1149876] attributedStringScaled i: 0
2026-09-14 20:38:54.713 pdf-reflow[65326:1149876] attributedStringScaled count: 1
2026-09-14 20:38:54.713 pdf-reflow[65326:1149876] attributedStringScaled i: 0
2026-09-14 20:38:54.713 pdf-reflow[65326:1149876] attributedStringScaled count: 1
2026-09-14 20:38:54.713 pdf-reflow[65326:1149876] attributedStringScaled i: 0
2026-09-14 20:38:54.714 pdf-reflow[65326:1149876] attributedStringScaled count: 1
2026-09-14 20:38:54.714 pdf-reflow[65326:1149876] attributedStringScaled i: 0
2026-09-14 20:38:54.714 pdf-reflow[65326:1149876] attributedStringScaled count: 1
2026-09-14 20:38:54.714 pdf-reflow[65326:1149876] attributedStringScaled i: 0
2026-09-14 20:38:54.714 pdf-reflow[65326:1149876] attributedStringScaled count: 1
2026-09-14 20:38:54.714 pdf-reflow[65326:1149876] attributedStringScaled i: 0
2026-09-14 20:38:54.714 pdf-reflow[65326:1149876] attributedStringScaled count: 1
2026-09-14 20:38:54.714 pdf-reflow[65326:1149876] attributedStringScaled i: 0
2026-09-14 20:38:54.714 pdf-reflow[65326:1149876] attributedStringScaled count: 1
2026-09-14 20:38:54.714 pdf-reflow[65326:1149876] attributedStringScaled i: 0
2026-09-14 20:38:54.714 pdf-reflow[65326:1149876] attributedStringScaled count: 1
2026-09-14 20:38:54.714 pdf-reflow[65326:1149876] attributedStringScaled i: 0
2026-09-14 20:38:54.714 pdf-reflow[65326:1149876] attributedStringScaled count: 1
2026-09-14 20:38:54.714 pdf-reflow[65326:1149876] attributedStringScaled i: 0
2026-09-14 20:38:54.714 pdf-reflow[65326:1149876] attributedStringScaled count: 1
2026-09-14 20:38:54.714 pdf-reflow[65326:1149876] attributedStringScaled i: 0
2026-09-14 20:38:54.714 pdf-reflow[65326:1149876] attributedStringScaled count: 1
2026-09-14 20:38:54.714 pdf-reflow[65326:1149876] attributedStringScaled i: 0
2026-09-14 20:38:54.714 pdf-reflow[65326:1149876] attributedStringScaled count: 1
2026-09-14 20:38:54.714 pdf-reflow[65326:1149876] attributedStringScaled i: 0
2026-09-14 20:38:54.714 pdf-reflow[65326:1149876] attributedStringScaled count: 1
2026-09-14 20:38:54.714 pdf-reflow[65326:1149876] attributedStringScaled i: 0
2026-09-14 20:38:54.715 pdf-reflow[65326:1149876] attributedStringScaled count: 1
2026-09-14 20:38:54.715 pdf-reflow[65326:1149876] attributedStringScaled i: 0
2026-09-14 20:38:54.715 pdf-reflow[65326:1149876] attributedStringScaled count: 1
2026-09-14 20:38:54.715 pdf-reflow[65326:1149876] attributedStringScaled i: 0
2026-09-14 20:38:54.715 pdf-reflow[65326:1149876] attributedStringScaled count: 1
2026-09-14 20:38:54.715 pdf-reflow[65326:1149876] attributedStringScaled i: 0
2026-09-14 20:38:54.715 pdf-reflow[65326:1149876] attributedStringScaled count: 1
2026-09-14 20:38:54.715 pdf-reflow[65326:1149876] attributedStringScaled i: 0
2026-09-14 20:38:54.715 pdf-reflow[65326:1149876] attributedStringScaled count: 1
2026-09-14 20:38:54.715 pdf-reflow[65326:1149876] attributedStringScaled i: 0
2026-09-14 20:38:54.715 pdf-reflow[65326:1149876] attributedStringScaled count: 1
2026-09-14 20:38:54.715 pdf-reflow[65326:1149876] attributedStringScaled i: 0
2026-09-14 20:38:54.715 pdf-reflow[65326:1149876] attributedStringScaled count: 1
2026-09-14 20:38:54.715 pdf-reflow[65326:1149876] attributedStringScaled i: 0
2026-09-14 20:38:54.715 pdf-reflow[65326:1149876] attributedStringScaled count: 1
2026-09-14 20:38:54.715 pdf-reflow[65326:1149876] attributedStringScaled i: 0
2026-09-14 20:38:54.715 pdf-reflow[65326:1149876] attributedStringScaled count: 1
2026-09-14 20:38:54.715 pdf-reflow[65326:1149876] attributedStringScaled i: 0
2026-09-14 20:38:54.715 pdf-reflow[65326:1149876] attributedStringScaled count: 1
2026-09-14 20:38:54.715 pdf-reflow[65326:1149876] attributedStringScaled i: 0
2026-09-14 20:38:54.715 pdf-reflow[65326:1149876] attributedStringScaled count: 1
2026-09-14 20:38:54.715 pdf-reflow[65326:1149876] attributedStringScaled i: 0
2026-09-14 20:38:54.715 pdf-reflow[65326:1149876] attributedStringScaled count: 1
2026-09-14 20:38:54.715 pdf-reflow[65326:1149876] attributedStringScaled i: 0
2026-09-14 20:38:54.716 pdf-reflow[65326:1149876] attributedStringScaled count: 1
2026-09-14 20:38:54.716 pdf-reflow[65326:1149876] attributedStringScaled i: 0
2026-09-14 20:38:54.716 pdf-reflow[65326:1149876] attributedStringScaled count: 1
2026-09-14 20:38:54.716 pdf-reflow[65326:1149876] attributedStringScaled i: 0
2026-09-14 20:38:54.716 pdf-reflow[65326:1149876] attributedStringScaled count: 1
2026-09-14 20:38:54.716 pdf-reflow[65326:1149876] attributedStringScaled i: 0
2026-09-14 20:38:54.716 pdf-reflow[65326:1149876] attributedStringScaled count: 1
2026-09-14 20:38:54.716 pdf-reflow[65326:1149876] attributedStringScaled i: 0
2026-09-14 20:38:54.716 pdf-reflow[65326:1149876] attributedStringScaled count: 1
2026-09-14 20:38:54.716 pdf-reflow[65326:1149876] attributedStringScaled i: 0
2026-09-14 20:38:54.716 pdf-reflow[65326:1149876] attributedStringScaled count: 1
2026-09-14 20:38:54.716 pdf-reflow[65326:1149876] attributedStringScaled i: 0
2026-09-14 20:38:54.716 pdf-reflow[65326:1149876] attributedStringScaled count: 1
2026-09-14 20:38:54.716 pdf-reflow[65326:1149876] attributedStringScaled i: 0
2026-09-14 20:38:54.716 pdf-reflow[65326:1149876] attributedStringScaled count: 1
2026-09-14 20:38:54.716 pdf-reflow[65326:1149876] attributedStringScaled i: 0
2026-09-14 20:38:54.716 pdf-reflow[65326:1149876] attributedStringScaled count: 1
2026-09-14 20:38:54.716 pdf-reflow[65326:1149876] attributedStringScaled i: 0
2026-09-14 20:38:54.716 pdf-reflow[65326:1149876] attributedStringScaled count: 1
2026-09-14 20:38:54.716 pdf-reflow[65326:1149876] attributedStringScaled i: 0
2026-09-14 20:38:54.716 pdf-reflow[65326:1149876] attributedStringScaled count: 1
2026-09-14 20:38:54.716 pdf-reflow[65326:1149876] attributedStringScaled i: 0
2026-09-14 20:38:54.716 pdf-reflow[65326:1149876] attributedStringScaled count: 1
2026-09-14 20:38:54.716 pdf-reflow[65326:1149876] attributedStringScaled i: 0
2026-09-14 20:38:54.716 pdf-reflow[65326:1149876] attributedStringScaled count: 1
2026-09-14 20:38:54.716 pdf-reflow[65326:1149876] attributedStringScaled i: 0
2026-09-14 20:38:54.717 pdf-reflow[65326:1149876] attributedStringScaled count: 1
2026-09-14 20:38:54.717 pdf-reflow[65326:1149876] attributedStringScaled i: 0
2026-09-14 20:38:54.717 pdf-reflow[65326:1149876] attributedStringScaled count: 1
2026-09-14 20:38:54.717 pdf-reflow[65326:1149876] attributedStringScaled i: 0
2026-09-14 20:38:54.717 pdf-reflow[65326:1149876] attributedStringScaled count: 1
2026-09-14 20:38:54.717 pdf-reflow[65326:1149876] attributedStringScaled i: 0
2026-09-14 20:38:54.717 pdf-reflow[65326:1149876] attributedStringScaled count: 1
2026-09-14 20:38:54.717 pdf-reflow[65326:1149876] attributedStringScaled i: 0
2026-09-14 20:38:54.717 pdf-reflow[65326:1149876] attributedStringScaled count: 1
2026-09-14 20:38:54.717 pdf-reflow[65326:1149876] attributedStringScaled i: 0
2026-09-14 20:38:54.717 pdf-reflow[65326:1149876] attributedStringScaled count: 1
2026-09-14 20:38:54.717 pdf-reflow[65326:1149876] attributedStringScaled i: 0
2026-09-14 20:38:54.717 pdf-reflow[65326:1149876] attributedStringScaled count: 1
2026-09-14 20:38:54.717 pdf-reflow[65326:1149876] attributedStringScaled i: 0
2026-09-14 20:38:54.717 pdf-reflow[65326:1149876] attributedStringScaled count: 1
2026-09-14 20:38:54.717 pdf-reflow[65326:1149876] attributedStringScaled i: 0
2026-09-14 20:38:54.717 pdf-reflow[65326:1149876] attributedStringScaled count: 1
2026-09-14 20:38:54.717 pdf-reflow[65326:1149876] attributedStringScaled i: 0
2026-09-14 20:38:54.717 pdf-reflow[65326:1149876] attributedStringScaled count: 1
2026-09-14 20:38:54.717 pdf-reflow[65326:1149876] attributedStringScaled i: 0
2026-09-14 20:38:54.717 pdf-reflow[65326:1149876] attributedStringScaled count: 1
2026-09-14 20:38:54.717 pdf-reflow[65326:1149876] attributedStringScaled i: 0
2026-09-14 20:38:54.717 pdf-reflow[65326:1149876] attributedStringScaled count: 1
2026-09-14 20:38:54.717 pdf-reflow[65326:1149876] attributedStringScaled i: 0
2026-09-14 20:38:54.718 pdf-reflow[65326:1149876] attributedStringScaled count: 1
2026-09-14 20:38:54.718 pdf-reflow[65326:1149876] attributedStringScaled i: 0
2026-09-14 20:38:54.718 pdf-reflow[65326:1149876] attributedStringScaled count: 1
2026-09-14 20:38:54.718 pdf-reflow[65326:1149876] attributedStringScaled i: 0
2026-09-14 20:38:54.718 pdf-reflow[65326:1149876] attributedStringScaled count: 1
2026-09-14 20:38:54.718 pdf-reflow[65326:1149876] attributedStringScaled i: 0
2026-09-14 20:38:54.718 pdf-reflow[65326:1149876] attributedStringScaled count: 1
2026-09-14 20:38:54.718 pdf-reflow[65326:1149876] attributedStringScaled i: 0
2026-09-14 20:38:54.718 pdf-reflow[65326:1149876] attributedStringScaled count: 1
2026-09-14 20:38:54.718 pdf-reflow[65326:1149876] attributedStringScaled i: 0
2026-09-14 20:38:54.718 pdf-reflow[65326:1149876] attributedStringScaled count: 1
2026-09-14 20:38:54.718 pdf-reflow[65326:1149876] attributedStringScaled i: 0
2026-09-14 20:38:54.718 pdf-reflow[65326:1149876] attributedStringScaled count: 1
2026-09-14 20:38:54.718 pdf-reflow[65326:1149876] attributedStringScaled i: 0
2026-09-14 20:38:54.718 pdf-reflow[65326:1149876] attributedStringScaled count: 1
2026-09-14 20:38:54.718 pdf-reflow[65326:1149876] attributedStringScaled i: 0
2026-09-14 20:38:54.718 pdf-reflow[65326:1149876] attributedStringScaled count: 1
2026-09-14 20:38:54.718 pdf-reflow[65326:1149876] attributedStringScaled i: 0
2026-09-14 20:38:54.718 pdf-reflow[65326:1149876] attributedStringScaled count: 1
2026-09-14 20:38:54.718 pdf-reflow[65326:1149876] attributedStringScaled i: 0
2026-09-14 20:38:54.718 pdf-reflow[65326:1149876] attributedStringScaled count: 1
2026-09-14 20:38:54.718 pdf-reflow[65326:1149876] attributedStringScaled i: 0
2026-09-14 20:38:54.718 pdf-reflow[65326:1149876] attributedStringScaled count: 1
2026-09-14 20:38:54.718 pdf-reflow[65326:1149876] attributedStringScaled i: 0
2026-09-14 20:38:54.718 pdf-reflow[65326:1149876] attributedStringScaled count: 1
2026-09-14 20:38:54.718 pdf-reflow[65326:1149876] attributedStringScaled i: 0
2026-09-14 20:38:54.719 pdf-reflow[65326:1149876] attributedStringScaled count: 1
2026-09-14 20:38:54.719 pdf-reflow[65326:1149876] attributedStringScaled i: 0
2026-09-14 20:38:54.719 pdf-reflow[65326:1149876] attributedStringScaled count: 1
2026-09-14 20:38:54.719 pdf-reflow[65326:1149876] attributedStringScaled i: 0
2026-09-14 20:38:54.719 pdf-reflow[65326:1149876] attributedStringScaled count: 1
2026-09-14 20:38:54.719 pdf-reflow[65326:1149876] attributedStringScaled i: 0
2026-09-14 20:38:54.719 pdf-reflow[65326:1149876] attributedStringScaled count: 1
2026-09-14 20:38:54.719 pdf-reflow[65326:1149876] attributedStringScaled i: 0
2026-09-14 20:38:54.719 pdf-reflow[65326:1149876] attributedStringScaled count: 1
2026-09-14 20:38:54.719 pdf-reflow[65326:1149876] attributedStringScaled i: 0
2026-09-14 20:38:54.719 pdf-reflow[65326:1149876] attributedStringScaled count: 1
2026-09-14 20:38:54.719 pdf-reflow[65326:1149876] attributedStringScaled i: 0
2026-09-14 20:38:54.719 pdf-reflow[65326:1149876] attributedStringScaled count: 1
2026-09-14 20:38:54.719 pdf-reflow[65326:1149876] attributedStringScaled i: 0
2026-09-14 20:38:54.719 pdf-reflow[65326:1149876] attributedStringScaled count: 1
2026-09-14 20:38:54.719 pdf-reflow[65326:1149876] attributedStringScaled i: 0
2026-09-14 20:38:54.719 pdf-reflow[65326:1149876] attributedStringScaled count: 1
2026-09-14 20:38:54.719 pdf-reflow[65326:1149876] attributedStringScaled i: 0
2026-09-14 20:38:54.719 pdf-reflow[65326:1149876] attributedStringScaled count: 1
2026-09-14 20:38:54.719 pdf-reflow[65326:1149876] attributedStringScaled i: 0
2026-09-14 20:38:54.719 pdf-reflow[65326:1149876] attributedStringScaled count: 1
2026-09-14 20:38:54.719 pdf-reflow[65326:1149876] attributedStringScaled i: 0
2026-09-14 20:38:54.719 pdf-reflow[65326:1149876] attributedStringScaled count: 1
2026-09-14 20:38:54.719 pdf-reflow[65326:1149876] attributedStringScaled i: 0
2026-09-14 20:38:54.719 pdf-reflow[65326:1149876] attributedStringScaled count: 1
2026-09-14 20:38:54.719 pdf-reflow[65326:1149876] attributedStringScaled i: 0
2026-09-14 20:38:54.719 pdf-reflow[65326:1149876] attributedStringScaled count: 1
2026-09-14 20:38:54.719 pdf-reflow[65326:1149876] attributedStringScaled i: 0
2026-09-14 20:38:54.720 pdf-reflow[65326:1149876] attributedStringScaled count: 1
2026-09-14 20:38:54.720 pdf-reflow[65326:1149876] attributedStringScaled i: 0
2026-09-14 20:38:54.720 pdf-reflow[65326:1149876] attributedStringScaled count: 1
2026-09-14 20:38:54.720 pdf-reflow[65326:1149876] attributedStringScaled i: 0
2026-09-14 20:38:54.720 pdf-reflow[65326:1149876] attributedStringScaled count: 1
2026-09-14 20:38:54.720 pdf-reflow[65326:1149876] attributedStringScaled i: 0
2026-09-14 20:38:54.720 pdf-reflow[65326:1149876] attributedStringScaled count: 1
2026-09-14 20:38:54.720 pdf-reflow[65326:1149876] attributedStringScaled i: 0
2026-09-14 20:38:54.720 pdf-reflow[65326:1149876] attributedStringScaled count: 1
2026-09-14 20:38:54.720 pdf-reflow[65326:1149876] attributedStringScaled i: 0
2026-09-14 20:38:54.720 pdf-reflow[65326:1149876] attributedStringScaled count: 1
2026-09-14 20:38:54.720 pdf-reflow[65326:1149876] attributedStringScaled i: 0
2026-09-14 20:38:54.720 pdf-reflow[65326:1149876] attributedStringScaled count: 1
2026-09-14 20:38:54.720 pdf-reflow[65326:1149876] attributedStringScaled i: 0
2026-09-14 20:38:54.720 pdf-reflow[65326:1149876] attributedStringScaled count: 1
2026-09-14 20:38:54.720 pdf-reflow[65326:1149876] attributedStringScaled i: 0
2026-09-14 20:38:54.720 pdf-reflow[65326:1149876] attributedStringScaled count: 1
2026-09-14 20:38:54.720 pdf-reflow[65326:1149876] attributedStringScaled i: 0
2026-09-14 20:38:54.720 pdf-reflow[65326:1149876] attributedStringScaled count: 1
2026-09-14 20:38:54.720 pdf-reflow[65326:1149876] attributedStringScaled i: 0
2026-09-14 20:38:54.721 pdf-reflow[65326:1149876] attributedStringScaled count: 1
2026-09-14 20:38:54.721 pdf-reflow[65326:1149876] attributedStringScaled i: 0
2026-09-14 20:38:54.721 pdf-reflow[65326:1149876] attributedStringScaled count: 1
2026-09-14 20:38:54.721 pdf-reflow[65326:1149876] attributedStringScaled i: 0
2026-09-14 20:38:54.721 pdf-reflow[65326:1149876] attributedStringScaled count: 1
2026-09-14 20:38:54.721 pdf-reflow[65326:1149876] attributedStringScaled i: 0
2026-09-14 20:38:54.721 pdf-reflow[65326:1149876] attributedStringScaled count: 1
2026-09-14 20:38:54.721 pdf-reflow[65326:1149876] attributedStringScaled i: 0
2026-09-14 20:38:54.721 pdf-reflow[65326:1149876] attributedStringScaled count: 1
2026-09-14 20:38:54.721 pdf-reflow[65326:1149876] attributedStringScaled i: 0
2026-09-14 20:38:54.721 pdf-reflow[65326:1149876] attributedStringScaled count: 1
2026-09-14 20:38:54.721 pdf-reflow[65326:1149876] attributedStringScaled i: 0
2026-09-14 20:38:54.721 pdf-reflow[65326:1149876] attributedStringScaled count: 1
2026-09-14 20:38:54.721 pdf-reflow[65326:1149876] attributedStringScaled i: 0
2026-09-14 20:38:54.721 pdf-reflow[65326:1149876] attributedStringScaled count: 1
2026-09-14 20:38:54.721 pdf-reflow[65326:1149876] attributedStringScaled i: 0
2026-09-14 20:38:54.721 pdf-reflow[65326:1149876] attributedStringScaled count: 1
2026-09-14 20:38:54.721 pdf-reflow[65326:1149876] attributedStringScaled i: 0
2026-09-14 20:38:54.721 pdf-reflow[65326:1149876] attributedStringScaled count: 1
2026-09-14 20:38:54.721 pdf-reflow[65326:1149876] attributedStringScaled i: 0
2026-09-14 20:38:54.721 pdf-reflow[65326:1149876] attributedStringScaled count: 1
2026-09-14 20:38:54.721 pdf-reflow[65326:1149876] attributedStringScaled i: 0
2026-09-14 20:38:54.721 pdf-reflow[65326:1149876] attributedStringScaled count: 1
2026-09-14 20:38:54.721 pdf-reflow[65326:1149876] attributedStringScaled i: 0
2026-09-14 20:38:54.722 pdf-reflow[65326:1149876] attributedStringScaled count: 1
2026-09-14 20:38:54.722 pdf-reflow[65326:1149876] attributedStringScaled i: 0
2026-09-14 20:38:54.722 pdf-reflow[65326:1149876] attributedStringScaled count: 1
2026-09-14 20:38:54.722 pdf-reflow[65326:1149876] attributedStringScaled i: 0
2026-09-14 20:38:54.722 pdf-reflow[65326:1149876] attributedStringScaled count: 1
2026-09-14 20:38:54.722 pdf-reflow[65326:1149876] attributedStringScaled i: 0
2026-09-14 20:38:54.722 pdf-reflow[65326:1149876] attributedStringScaled count: 1
2026-09-14 20:38:54.722 pdf-reflow[65326:1149876] attributedStringScaled i: 0
2026-09-14 20:38:54.722 pdf-reflow[65326:1149876] attributedStringScaled count: 1
2026-09-14 20:38:54.722 pdf-reflow[65326:1149876] attributedStringScaled i: 0
2026-09-14 20:38:54.722 pdf-reflow[65326:1149876] attributedStringScaled count: 1
2026-09-14 20:38:54.722 pdf-reflow[65326:1149876] attributedStringScaled i: 0
2026-09-14 20:38:54.722 pdf-reflow[65326:1149876] attributedStringScaled count: 1
2026-09-14 20:38:54.722 pdf-reflow[65326:1149876] attributedStringScaled i: 0
2026-09-14 20:38:54.722 pdf-reflow[65326:1149876] attributedStringScaled count: 1
2026-09-14 20:38:54.722 pdf-reflow[65326:1149876] attributedStringScaled i: 0
2026-09-14 20:38:54.722 pdf-reflow[65326:1149876] attributedStringScaled count: 1
2026-09-14 20:38:54.722 pdf-reflow[65326:1149876] attributedStringScaled i: 0
2026-09-14 20:38:54.722 pdf-reflow[65326:1149876] attributedStringScaled count: 1
2026-09-14 20:38:54.722 pdf-reflow[65326:1149876] attributedStringScaled i: 0
2026-09-14 20:38:54.722 pdf-reflow[65326:1149876] attributedStringScaled count: 1
2026-09-14 20:38:54.722 pdf-reflow[65326:1149876] attributedStringScaled i: 0
2026-09-14 20:38:54.722 pdf-reflow[65326:1149876] attributedStringScaled count: 1
2026-09-14 20:38:54.722 pdf-reflow[65326:1149876] attributedStringScaled i: 0
2026-09-14 20:38:54.722 pdf-reflow[65326:1149876] attributedStringScaled count: 1
2026-09-14 20:38:54.722 pdf-reflow[65326:1149876] attributedStringScaled i: 0
2026-09-14 20:38:54.722 pdf-reflow[65326:1149876] attributedStringScaled count: 1
2026-09-14 20:38:54.722 pdf-reflow[65326:1149876] attributedStringScaled i: 0
2026-09-14 20:38:54.722 pdf-reflow[65326:1149876] attributedStringScaled count: 1
2026-09-14 20:38:54.722 pdf-reflow[65326:1149876] attributedStringScaled i: 0
2026-09-14 20:38:54.722 pdf-reflow[65326:1149876] attributedStringScaled count: 1
2026-09-14 20:38:54.722 pdf-reflow[65326:1149876] attributedStringScaled i: 0
2026-09-14 20:38:54.723 pdf-reflow[65326:1149876] attributedStringScaled count: 1
2026-09-14 20:38:54.723 pdf-reflow[65326:1149876] attributedStringScaled i: 0
2026-09-14 20:38:54.723 pdf-reflow[65326:1149876] attributedStringScaled count: 1
2026-09-14 20:38:54.723 pdf-reflow[65326:1149876] attributedStringScaled i: 0
2026-09-14 20:38:54.723 pdf-reflow[65326:1149876] attributedStringScaled count: 1
2026-09-14 20:38:54.723 pdf-reflow[65326:1149876] attributedStringScaled i: 0
2026-09-14 20:38:54.723 pdf-reflow[65326:1149876] attributedStringScaled count: 1
2026-09-14 20:38:54.723 pdf-reflow[65326:1149876] attributedStringScaled i: 0
2026-09-14 20:38:54.723 pdf-reflow[65326:1149876] attributedStringScaled count: 1
2026-09-14 20:38:54.723 pdf-reflow[65326:1149876] attributedStringScaled i: 0
2026-09-14 20:38:54.723 pdf-reflow[65326:1149876] attributedStringScaled count: 1
2026-09-14 20:38:54.723 pdf-reflow[65326:1149876] attributedStringScaled i: 0
2026-09-14 20:38:54.723 pdf-reflow[65326:1149876] attributedStringScaled count: 1
2026-09-14 20:38:54.723 pdf-reflow[65326:1149876] attributedStringScaled i: 0
2026-09-14 20:38:54.723 pdf-reflow[65326:1149876] attributedStringScaled count: 1
2026-09-14 20:38:54.723 pdf-reflow[65326:1149876] attributedStringScaled i: 0
2026-09-14 20:38:54.723 pdf-reflow[65326:1149876] attributedStringScaled count: 1
2026-09-14 20:38:54.723 pdf-reflow[65326:1149876] attributedStringScaled i: 0
2026-09-14 20:38:54.723 pdf-reflow[65326:1149876] attributedStringScaled count: 1
2026-09-14 20:38:54.723 pdf-reflow[65326:1149876] attributedStringScaled i: 0
2026-09-14 20:38:54.723 pdf-reflow[65326:1149876] attributedStringScaled count: 1
2026-09-14 20:38:54.723 pdf-reflow[65326:1149876] attributedStringScaled i: 0
2026-09-14 20:38:54.723 pdf-reflow[65326:1149876] attributedStringScaled count: 1
2026-09-14 20:38:54.723 pdf-reflow[65326:1149876] attributedStringScaled i: 0
2026-09-14 20:38:54.724 pdf-reflow[65326:1149876] attributedStringScaled count: 1
2026-09-14 20:38:54.724 pdf-reflow[65326:1149876] attributedStringScaled i: 0
2026-09-14 20:38:54.724 pdf-reflow[65326:1149876] attributedStringScaled count: 1
2026-09-14 20:38:54.724 pdf-reflow[65326:1149876] attributedStringScaled i: 0
2026-09-14 20:38:54.724 pdf-reflow[65326:1149876] attributedStringScaled count: 1
2026-09-14 20:38:54.724 pdf-reflow[65326:1149876] attributedStringScaled i: 0
2026-09-14 20:38:54.724 pdf-reflow[65326:1149876] attributedStringScaled count: 1
2026-09-14 20:38:54.724 pdf-reflow[65326:1149876] attributedStringScaled i: 0
2026-09-14 20:38:54.724 pdf-reflow[65326:1149876] attributedStringScaled count: 1
2026-09-14 20:38:54.724 pdf-reflow[65326:1149876] attributedStringScaled i: 0
2026-09-14 20:38:54.724 pdf-reflow[65326:1149876] attributedStringScaled count: 1
2026-09-14 20:38:54.724 pdf-reflow[65326:1149876] attributedStringScaled i: 0
2026-09-14 20:38:54.724 pdf-reflow[65326:1149876] attributedStringScaled count: 1
2026-09-14 20:38:54.724 pdf-reflow[65326:1149876] attributedStringScaled i: 0
2026-09-14 20:38:54.724 pdf-reflow[65326:1149876] attributedStringScaled count: 1
2026-09-14 20:38:54.724 pdf-reflow[65326:1149876] attributedStringScaled i: 0
2026-09-14 20:38:54.724 pdf-reflow[65326:1149876] attributedStringScaled count: 1
2026-09-14 20:38:54.724 pdf-reflow[65326:1149876] attributedStringScaled i: 0
2026-09-14 20:38:54.724 pdf-reflow[65326:1149876] attributedStringScaled count: 1
2026-09-14 20:38:54.724 pdf-reflow[65326:1149876] attributedStringScaled i: 0
2026-09-14 20:38:54.724 pdf-reflow[65326:1149876] attributedStringScaled count: 1
2026-09-14 20:38:54.724 pdf-reflow[65326:1149876] attributedStringScaled i: 0
2026-09-14 20:38:54.724 pdf-reflow[65326:1149876] attributedStringScaled count: 1
2026-09-14 20:38:54.724 pdf-reflow[65326:1149876] attributedStringScaled i: 0
2026-09-14 20:38:54.724 pdf-reflow[65326:1149876] attributedStringScaled count: 1
2026-09-14 20:38:54.724 pdf-reflow[65326:1149876] attributedStringScaled i: 0
2026-09-14 20:38:54.725 pdf-reflow[65326:1149876] attributedStringScaled count: 1
2026-09-14 20:38:54.725 pdf-reflow[65326:1149876] attributedStringScaled i: 0
2026-09-14 20:38:54.725 pdf-reflow[65326:1149876] attributedStringScaled count: 1
2026-09-14 20:38:54.725 pdf-reflow[65326:1149876] attributedStringScaled i: 0
2026-09-14 20:38:54.725 pdf-reflow[65326:1149876] attributedStringScaled count: 1
2026-09-14 20:38:54.725 pdf-reflow[65326:1149876] attributedStringScaled i: 0
2026-09-14 20:38:54.725 pdf-reflow[65326:1149876] attributedStringScaled count: 1
2026-09-14 20:38:54.725 pdf-reflow[65326:1149876] attributedStringScaled i: 0
2026-09-14 20:38:54.725 pdf-reflow[65326:1149876] attributedStringScaled count: 1
2026-09-14 20:38:54.725 pdf-reflow[65326:1149876] attributedStringScaled i: 0
2026-09-14 20:38:54.725 pdf-reflow[65326:1149876] attributedStringScaled count: 1
2026-09-14 20:38:54.725 pdf-reflow[65326:1149876] attributedStringScaled i: 0
2026-09-14 20:38:54.725 pdf-reflow[65326:1149876] attributedStringScaled count: 1
2026-09-14 20:38:54.725 pdf-reflow[65326:1149876] attributedStringScaled i: 0
2026-09-14 20:38:54.725 pdf-reflow[65326:1149876] attributedStringScaled count: 1
2026-09-14 20:38:54.725 pdf-reflow[65326:1149876] attributedStringScaled i: 0
2026-09-14 20:38:54.725 pdf-reflow[65326:1149876] attributedStringScaled count: 1
2026-09-14 20:38:54.725 pdf-reflow[65326:1149876] attributedStringScaled i: 0
2026-09-14 20:38:54.725 pdf-reflow[65326:1149876] attributedStringScaled count: 1
2026-09-14 20:38:54.725 pdf-reflow[65326:1149876] attributedStringScaled i: 0
44% extracting page 7/9
2026-09-14 20:38:54.787 pdf-reflow[65326:1149876] attributedStringScaled count: 1
2026-09-14 20:38:54.787 pdf-reflow[65326:1149876] attributedStringScaled i: 0
2026-09-14 20:38:54.787 pdf-reflow[65326:1149876] attributedStringScaled count: 1
2026-09-14 20:38:54.787 pdf-reflow[65326:1149876] attributedStringScaled i: 0
2026-09-14 20:38:54.787 pdf-reflow[65326:1149876] attributedStringScaled count: 1
2026-09-14 20:38:54.787 pdf-reflow[65326:1149876] attributedStringScaled i: 0
2026-09-14 20:38:54.787 pdf-reflow[65326:1149876] attributedStringScaled count: 1
2026-09-14 20:38:54.787 pdf-reflow[65326:1149876] attributedStringScaled i: 0
2026-09-14 20:38:54.787 pdf-reflow[65326:1149876] attributedStringScaled count: 1
2026-09-14 20:38:54.787 pdf-reflow[65326:1149876] attributedStringScaled i: 0
2026-09-14 20:38:54.788 pdf-reflow[65326:1149876] attributedStringScaled count: 1
2026-09-14 20:38:54.788 pdf-reflow[65326:1149876] attributedStringScaled i: 0
2026-09-14 20:38:54.788 pdf-reflow[65326:1149876] attributedStringScaled count: 1
2026-09-14 20:38:54.788 pdf-reflow[65326:1149876] attributedStringScaled i: 0
2026-09-14 20:38:54.788 pdf-reflow[65326:1149876] attributedStringScaled count: 1
2026-09-14 20:38:54.788 pdf-reflow[65326:1149876] attributedStringScaled i: 0
2026-09-14 20:38:54.788 pdf-reflow[65326:1149876] attributedStringScaled count: 1
2026-09-14 20:38:54.788 pdf-reflow[65326:1149876] attributedStringScaled i: 0
2026-09-14 20:38:54.788 pdf-reflow[65326:1149876] attributedStringScaled count: 1
2026-09-14 20:38:54.788 pdf-reflow[65326:1149876] attributedStringScaled i: 0
2026-09-14 20:38:54.788 pdf-reflow[65326:1149876] attributedStringScaled count: 1
2026-09-14 20:38:54.788 pdf-reflow[65326:1149876] attributedStringScaled i: 0
2026-09-14 20:38:54.788 pdf-reflow[65326:1149876] attributedStringScaled count: 1
2026-09-14 20:38:54.788 pdf-reflow[65326:1149876] attributedStringScaled i: 0
2026-09-14 20:38:54.788 pdf-reflow[65326:1149876] attributedStringScaled count: 1
2026-09-14 20:38:54.788 pdf-reflow[65326:1149876] attributedStringScaled i: 0
2026-09-14 20:38:54.788 pdf-reflow[65326:1149876] attributedStringScaled count: 1
2026-09-14 20:38:54.788 pdf-reflow[65326:1149876] attributedStringScaled i: 0
2026-09-14 20:38:54.788 pdf-reflow[65326:1149876] attributedStringScaled count: 1
2026-09-14 20:38:54.788 pdf-reflow[65326:1149876] attributedStringScaled i: 0
2026-09-14 20:38:54.788 pdf-reflow[65326:1149876] attributedStringScaled count: 1
2026-09-14 20:38:54.788 pdf-reflow[65326:1149876] attributedStringScaled i: 0
2026-09-14 20:38:54.789 pdf-reflow[65326:1149876] attributedStringScaled count: 1
2026-09-14 20:38:54.789 pdf-reflow[65326:1149876] attributedStringScaled i: 0
2026-09-14 20:38:54.789 pdf-reflow[65326:1149876] attributedStringScaled count: 1
2026-09-14 20:38:54.789 pdf-reflow[65326:1149876] attributedStringScaled i: 0
2026-09-14 20:38:54.789 pdf-reflow[65326:1149876] attributedStringScaled count: 1
2026-09-14 20:38:54.789 pdf-reflow[65326:1149876] attributedStringScaled i: 0
2026-09-14 20:38:54.789 pdf-reflow[65326:1149876] attributedStringScaled count: 1
2026-09-14 20:38:54.789 pdf-reflow[65326:1149876] attributedStringScaled i: 0
2026-09-14 20:38:54.789 pdf-reflow[65326:1149876] attributedStringScaled count: 1
2026-09-14 20:38:54.789 pdf-reflow[65326:1149876] attributedStringScaled i: 0
2026-09-14 20:38:54.789 pdf-reflow[65326:1149876] attributedStringScaled count: 1
2026-09-14 20:38:54.789 pdf-reflow[65326:1149876] attributedStringScaled i: 0
2026-09-14 20:38:54.789 pdf-reflow[65326:1149876] attributedStringScaled count: 1
2026-09-14 20:38:54.789 pdf-reflow[65326:1149876] attributedStringScaled i: 0
2026-09-14 20:38:54.789 pdf-reflow[65326:1149876] attributedStringScaled count: 1
2026-09-14 20:38:54.789 pdf-reflow[65326:1149876] attributedStringScaled i: 0
2026-09-14 20:38:54.789 pdf-reflow[65326:1149876] attributedStringScaled count: 1
2026-09-14 20:38:54.789 pdf-reflow[65326:1149876] attributedStringScaled i: 0
2026-09-14 20:38:54.789 pdf-reflow[65326:1149876] attributedStringScaled count: 1
2026-09-14 20:38:54.789 pdf-reflow[65326:1149876] attributedStringScaled i: 0
2026-09-14 20:38:54.789 pdf-reflow[65326:1149876] attributedStringScaled count: 1
2026-09-14 20:38:54.789 pdf-reflow[65326:1149876] attributedStringScaled i: 0
2026-09-14 20:38:54.789 pdf-reflow[65326:1149876] attributedStringScaled count: 1
2026-09-14 20:38:54.789 pdf-reflow[65326:1149876] attributedStringScaled i: 0
2026-09-14 20:38:54.789 pdf-reflow[65326:1149876] attributedStringScaled count: 1
2026-09-14 20:38:54.789 pdf-reflow[65326:1149876] attributedStringScaled i: 0
2026-09-14 20:38:54.790 pdf-reflow[65326:1149876] attributedStringScaled count: 1
2026-09-14 20:38:54.790 pdf-reflow[65326:1149876] attributedStringScaled i: 0
2026-09-14 20:38:54.790 pdf-reflow[65326:1149876] attributedStringScaled count: 1
2026-09-14 20:38:54.790 pdf-reflow[65326:1149876] attributedStringScaled i: 0
2026-09-14 20:38:54.790 pdf-reflow[65326:1149876] attributedStringScaled count: 1
2026-09-14 20:38:54.790 pdf-reflow[65326:1149876] attributedStringScaled i: 0
2026-09-14 20:38:54.790 pdf-reflow[65326:1149876] attributedStringScaled count: 1
2026-09-14 20:38:54.790 pdf-reflow[65326:1149876] attributedStringScaled i: 0
2026-09-14 20:38:54.790 pdf-reflow[65326:1149876] attributedStringScaled count: 1
2026-09-14 20:38:54.790 pdf-reflow[65326:1149876] attributedStringScaled i: 0
2026-09-14 20:38:54.790 pdf-reflow[65326:1149876] attributedStringScaled count: 1
2026-09-14 20:38:54.790 pdf-reflow[65326:1149876] attributedStringScaled i: 0
2026-09-14 20:38:54.790 pdf-reflow[65326:1149876] attributedStringScaled count: 1
2026-09-14 20:38:54.790 pdf-reflow[65326:1149876] attributedStringScaled i: 0
2026-09-14 20:38:54.790 pdf-reflow[65326:1149876] attributedStringScaled count: 1
2026-09-14 20:38:54.790 pdf-reflow[65326:1149876] attributedStringScaled i: 0
2026-09-14 20:38:54.790 pdf-reflow[65326:1149876] attributedStringScaled count: 1
2026-09-14 20:38:54.790 pdf-reflow[65326:1149876] attributedStringScaled i: 0
2026-09-14 20:38:54.790 pdf-reflow[65326:1149876] attributedStringScaled count: 1
2026-09-14 20:38:54.790 pdf-reflow[65326:1149876] attributedStringScaled i: 0
2026-09-14 20:38:54.790 pdf-reflow[65326:1149876] attributedStringScaled count: 1
2026-09-14 20:38:54.790 pdf-reflow[65326:1149876] attributedStringScaled i: 0
2026-09-14 20:38:54.790 pdf-reflow[65326:1149876] attributedStringScaled count: 1
2026-09-14 20:38:54.790 pdf-reflow[65326:1149876] attributedStringScaled i: 0
2026-09-14 20:38:54.790 pdf-reflow[65326:1149876] attributedStringScaled count: 1
2026-09-14 20:38:54.790 pdf-reflow[65326:1149876] attributedStringScaled i: 0
2026-09-14 20:38:54.791 pdf-reflow[65326:1149876] attributedStringScaled count: 1
2026-09-14 20:38:54.791 pdf-reflow[65326:1149876] attributedStringScaled i: 0
2026-09-14 20:38:54.791 pdf-reflow[65326:1149876] attributedStringScaled count: 1
2026-09-14 20:38:54.791 pdf-reflow[65326:1149876] attributedStringScaled i: 0
2026-09-14 20:38:54.791 pdf-reflow[65326:1149876] attributedStringScaled count: 1
2026-09-14 20:38:54.791 pdf-reflow[65326:1149876] attributedStringScaled i: 0
2026-09-14 20:38:54.791 pdf-reflow[65326:1149876] attributedStringScaled count: 1
2026-09-14 20:38:54.791 pdf-reflow[65326:1149876] attributedStringScaled i: 0
2026-09-14 20:38:54.791 pdf-reflow[65326:1149876] attributedStringScaled count: 1
2026-09-14 20:38:54.791 pdf-reflow[65326:1149876] attributedStringScaled i: 0
2026-09-14 20:38:54.791 pdf-reflow[65326:1149876] attributedStringScaled count: 1
2026-09-14 20:38:54.791 pdf-reflow[65326:1149876] attributedStringScaled i: 0
2026-09-14 20:38:54.791 pdf-reflow[65326:1149876] attributedStringScaled count: 1
2026-09-14 20:38:54.791 pdf-reflow[65326:1149876] attributedStringScaled i: 0
2026-09-14 20:38:54.791 pdf-reflow[65326:1149876] attributedStringScaled count: 1
2026-09-14 20:38:54.791 pdf-reflow[65326:1149876] attributedStringScaled i: 0
2026-09-14 20:38:54.791 pdf-reflow[65326:1149876] attributedStringScaled count: 1
2026-09-14 20:38:54.791 pdf-reflow[65326:1149876] attributedStringScaled i: 0
2026-09-14 20:38:54.791 pdf-reflow[65326:1149876] attributedStringScaled count: 1
2026-09-14 20:38:54.791 pdf-reflow[65326:1149876] attributedStringScaled i: 0
2026-09-14 20:38:54.791 pdf-reflow[65326:1149876] attributedStringScaled count: 1
2026-09-14 20:38:54.791 pdf-reflow[65326:1149876] attributedStringScaled i: 0
2026-09-14 20:38:54.791 pdf-reflow[65326:1149876] attributedStringScaled count: 1
2026-09-14 20:38:54.791 pdf-reflow[65326:1149876] attributedStringScaled i: 0
2026-09-14 20:38:54.791 pdf-reflow[65326:1149876] attributedStringScaled count: 1
2026-09-14 20:38:54.791 pdf-reflow[65326:1149876] attributedStringScaled i: 0
2026-09-14 20:38:54.792 pdf-reflow[65326:1149876] attributedStringScaled count: 1
2026-09-14 20:38:54.792 pdf-reflow[65326:1149876] attributedStringScaled i: 0
2026-09-14 20:38:54.792 pdf-reflow[65326:1149876] attributedStringScaled count: 1
2026-09-14 20:38:54.792 pdf-reflow[65326:1149876] attributedStringScaled i: 0
2026-09-14 20:38:54.792 pdf-reflow[65326:1149876] attributedStringScaled count: 1
2026-09-14 20:38:54.792 pdf-reflow[65326:1149876] attributedStringScaled i: 0
2026-09-14 20:38:54.792 pdf-reflow[65326:1149876] attributedStringScaled count: 1
2026-09-14 20:38:54.792 pdf-reflow[65326:1149876] attributedStringScaled i: 0
2026-09-14 20:38:54.792 pdf-reflow[65326:1149876] attributedStringScaled count: 1
2026-09-14 20:38:54.792 pdf-reflow[65326:1149876] attributedStringScaled i: 0
2026-09-14 20:38:54.792 pdf-reflow[65326:1149876] attributedStringScaled count: 1
2026-09-14 20:38:54.792 pdf-reflow[65326:1149876] attributedStringScaled i: 0
2026-09-14 20:38:54.792 pdf-reflow[65326:1149876] attributedStringScaled count: 1
2026-09-14 20:38:54.792 pdf-reflow[65326:1149876] attributedStringScaled i: 0
2026-09-14 20:38:54.792 pdf-reflow[65326:1149876] attributedStringScaled count: 1
2026-09-14 20:38:54.792 pdf-reflow[65326:1149876] attributedStringScaled i: 0
2026-09-14 20:38:54.792 pdf-reflow[65326:1149876] attributedStringScaled count: 1
2026-09-14 20:38:54.792 pdf-reflow[65326:1149876] attributedStringScaled i: 0
2026-09-14 20:38:54.792 pdf-reflow[65326:1149876] attributedStringScaled count: 1
2026-09-14 20:38:54.792 pdf-reflow[65326:1149876] attributedStringScaled i: 0
2026-09-14 20:38:54.792 pdf-reflow[65326:1149876] attributedStringScaled count: 1
2026-09-14 20:38:54.792 pdf-reflow[65326:1149876] attributedStringScaled i: 0
2026-09-14 20:38:54.792 pdf-reflow[65326:1149876] attributedStringScaled count: 1
2026-09-14 20:38:54.792 pdf-reflow[65326:1149876] attributedStringScaled i: 0
2026-09-14 20:38:54.792 pdf-reflow[65326:1149876] attributedStringScaled count: 1
2026-09-14 20:38:54.792 pdf-reflow[65326:1149876] attributedStringScaled i: 0
2026-09-14 20:38:54.792 pdf-reflow[65326:1149876] attributedStringScaled count: 1
2026-09-14 20:38:54.792 pdf-reflow[65326:1149876] attributedStringScaled i: 0
2026-09-14 20:38:54.793 pdf-reflow[65326:1149876] attributedStringScaled count: 1
2026-09-14 20:38:54.793 pdf-reflow[65326:1149876] attributedStringScaled i: 0
2026-09-14 20:38:54.793 pdf-reflow[65326:1149876] attributedStringScaled count: 1
2026-09-14 20:38:54.793 pdf-reflow[65326:1149876] attributedStringScaled i: 0
2026-09-14 20:38:54.793 pdf-reflow[65326:1149876] attributedStringScaled count: 1
2026-09-14 20:38:54.793 pdf-reflow[65326:1149876] attributedStringScaled i: 0
2026-09-14 20:38:54.793 pdf-reflow[65326:1149876] attributedStringScaled count: 1
2026-09-14 20:38:54.793 pdf-reflow[65326:1149876] attributedStringScaled i: 0
2026-09-14 20:38:54.793 pdf-reflow[65326:1149876] attributedStringScaled count: 1
2026-09-14 20:38:54.793 pdf-reflow[65326:1149876] attributedStringScaled i: 0
2026-09-14 20:38:54.793 pdf-reflow[65326:1149876] attributedStringScaled count: 1
2026-09-14 20:38:54.793 pdf-reflow[65326:1149876] attributedStringScaled i: 0
2026-09-14 20:38:54.793 pdf-reflow[65326:1149876] attributedStringScaled count: 1
2026-09-14 20:38:54.793 pdf-reflow[65326:1149876] attributedStringScaled i: 0
2026-09-14 20:38:54.793 pdf-reflow[65326:1149876] attributedStringScaled count: 1
2026-09-14 20:38:54.793 pdf-reflow[65326:1149876] attributedStringScaled i: 0
2026-09-14 20:38:54.793 pdf-reflow[65326:1149876] attributedStringScaled count: 1
2026-09-14 20:38:54.793 pdf-reflow[65326:1149876] attributedStringScaled i: 0
2026-09-14 20:38:54.793 pdf-reflow[65326:1149876] attributedStringScaled count: 1
2026-09-14 20:38:54.793 pdf-reflow[65326:1149876] attributedStringScaled i: 0
2026-09-14 20:38:54.793 pdf-reflow[65326:1149876] attributedStringScaled count: 1
2026-09-14 20:38:54.793 pdf-reflow[65326:1149876] attributedStringScaled i: 0
2026-09-14 20:38:54.793 pdf-reflow[65326:1149876] attributedStringScaled count: 1
2026-09-14 20:38:54.793 pdf-reflow[65326:1149876] attributedStringScaled i: 0
2026-09-14 20:38:54.793 pdf-reflow[65326:1149876] attributedStringScaled count: 1
2026-09-14 20:38:54.793 pdf-reflow[65326:1149876] attributedStringScaled i: 0
2026-09-14 20:38:54.793 pdf-reflow[65326:1149876] attributedStringScaled count: 1
2026-09-14 20:38:54.793 pdf-reflow[65326:1149876] attributedStringScaled i: 0
2026-09-14 20:38:54.793 pdf-reflow[65326:1149876] attributedStringScaled count: 1
2026-09-14 20:38:54.793 pdf-reflow[65326:1149876] attributedStringScaled i: 0
2026-09-14 20:38:54.794 pdf-reflow[65326:1149876] attributedStringScaled count: 1
2026-09-14 20:38:54.794 pdf-reflow[65326:1149876] attributedStringScaled i: 0
2026-09-14 20:38:54.794 pdf-reflow[65326:1149876] attributedStringScaled count: 1
2026-09-14 20:38:54.794 pdf-reflow[65326:1149876] attributedStringScaled i: 0
2026-09-14 20:38:54.794 pdf-reflow[65326:1149876] attributedStringScaled count: 1
2026-09-14 20:38:54.794 pdf-reflow[65326:1149876] attributedStringScaled i: 0
2026-09-14 20:38:54.794 pdf-reflow[65326:1149876] attributedStringScaled count: 1
2026-09-14 20:38:54.794 pdf-reflow[65326:1149876] attributedStringScaled i: 0
2026-09-14 20:38:54.794 pdf-reflow[65326:1149876] attributedStringScaled count: 1
2026-09-14 20:38:54.794 pdf-reflow[65326:1149876] attributedStringScaled i: 0
2026-09-14 20:38:54.794 pdf-reflow[65326:1149876] attributedStringScaled count: 1
2026-09-14 20:38:54.794 pdf-reflow[65326:1149876] attributedStringScaled i: 0
2026-09-14 20:38:54.794 pdf-reflow[65326:1149876] attributedStringScaled count: 1
2026-09-14 20:38:54.794 pdf-reflow[65326:1149876] attributedStringScaled i: 0
2026-09-14 20:38:54.794 pdf-reflow[65326:1149876] attributedStringScaled count: 1
2026-09-14 20:38:54.794 pdf-reflow[65326:1149876] attributedStringScaled i: 0
2026-09-14 20:38:54.794 pdf-reflow[65326:1149876] attributedStringScaled count: 1
2026-09-14 20:38:54.794 pdf-reflow[65326:1149876] attributedStringScaled i: 0
2026-09-14 20:38:54.794 pdf-reflow[65326:1149876] attributedStringScaled count: 1
2026-09-14 20:38:54.794 pdf-reflow[65326:1149876] attributedStringScaled i: 0
2026-09-14 20:38:54.794 pdf-reflow[65326:1149876] attributedStringScaled count: 1
2026-09-14 20:38:54.794 pdf-reflow[65326:1149876] attributedStringScaled i: 0
2026-09-14 20:38:54.794 pdf-reflow[65326:1149876] attributedStringScaled count: 1
2026-09-14 20:38:54.794 pdf-reflow[65326:1149876] attributedStringScaled i: 0
2026-09-14 20:38:54.794 pdf-reflow[65326:1149876] attributedStringScaled count: 1
2026-09-14 20:38:54.794 pdf-reflow[65326:1149876] attributedStringScaled i: 0
2026-09-14 20:38:54.794 pdf-reflow[65326:1149876] attributedStringScaled count: 1
2026-09-14 20:38:54.794 pdf-reflow[65326:1149876] attributedStringScaled i: 0
2026-09-14 20:38:54.795 pdf-reflow[65326:1149876] attributedStringScaled count: 1
2026-09-14 20:38:54.795 pdf-reflow[65326:1149876] attributedStringScaled i: 0
2026-09-14 20:38:54.795 pdf-reflow[65326:1149876] attributedStringScaled count: 1
2026-09-14 20:38:54.795 pdf-reflow[65326:1149876] attributedStringScaled i: 0
2026-09-14 20:38:54.795 pdf-reflow[65326:1149876] attributedStringScaled count: 1
2026-09-14 20:38:54.795 pdf-reflow[65326:1149876] attributedStringScaled i: 0
2026-09-14 20:38:54.795 pdf-reflow[65326:1149876] attributedStringScaled count: 1
2026-09-14 20:38:54.795 pdf-reflow[65326:1149876] attributedStringScaled i: 0
2026-09-14 20:38:54.795 pdf-reflow[65326:1149876] attributedStringScaled count: 1
2026-09-14 20:38:54.795 pdf-reflow[65326:1149876] attributedStringScaled i: 0
2026-09-14 20:38:54.795 pdf-reflow[65326:1149876] attributedStringScaled count: 1
2026-09-14 20:38:54.795 pdf-reflow[65326:1149876] attributedStringScaled i: 0
2026-09-14 20:38:54.795 pdf-reflow[65326:1149876] attributedStringScaled count: 1
2026-09-14 20:38:54.795 pdf-reflow[65326:1149876] attributedStringScaled i: 0
2026-09-14 20:38:54.795 pdf-reflow[65326:1149876] attributedStringScaled count: 1
2026-09-14 20:38:54.795 pdf-reflow[65326:1149876] attributedStringScaled i: 0
2026-09-14 20:38:54.795 pdf-reflow[65326:1149876] attributedStringScaled count: 1
2026-09-14 20:38:54.795 pdf-reflow[65326:1149876] attributedStringScaled i: 0
2026-09-14 20:38:54.795 pdf-reflow[65326:1149876] attributedStringScaled count: 1
2026-09-14 20:38:54.795 pdf-reflow[65326:1149876] attributedStringScaled i: 0
2026-09-14 20:38:54.795 pdf-reflow[65326:1149876] attributedStringScaled count: 1
2026-09-14 20:38:54.795 pdf-reflow[65326:1149876] attributedStringScaled i: 0
2026-09-14 20:38:54.795 pdf-reflow[65326:1149876] attributedStringScaled count: 1
2026-09-14 20:38:54.795 pdf-reflow[65326:1149876] attributedStringScaled i: 0
2026-09-14 20:38:54.795 pdf-reflow[65326:1149876] attributedStringScaled count: 1
2026-09-14 20:38:54.795 pdf-reflow[65326:1149876] attributedStringScaled i: 0
2026-09-14 20:38:54.796 pdf-reflow[65326:1149876] attributedStringScaled count: 1
2026-09-14 20:38:54.796 pdf-reflow[65326:1149876] attributedStringScaled i: 0
2026-09-14 20:38:54.796 pdf-reflow[65326:1149876] attributedStringScaled count: 1
2026-09-14 20:38:54.796 pdf-reflow[65326:1149876] attributedStringScaled i: 0
2026-09-14 20:38:54.796 pdf-reflow[65326:1149876] attributedStringScaled count: 1
2026-09-14 20:38:54.796 pdf-reflow[65326:1149876] attributedStringScaled i: 0
2026-09-14 20:38:54.796 pdf-reflow[65326:1149876] attributedStringScaled count: 1
2026-09-14 20:38:54.796 pdf-reflow[65326:1149876] attributedStringScaled i: 0
50% extracting page 8/9
50% recognizing page 9/9
57% extracting page 9/9
59% reconstructing page 1/9
62% reconstructing page 2/9
65% reconstructing page 3/9
68% reconstructing page 4/9
70% reconstructing page 5/9
73% reconstructing page 6/9
76% reconstructing page 7/9
79% reconstructing page 8/9
82% reconstructing page 9/9
82% writing
91% writing
91% writing
92% writing
92% writing
93% writing
93% writing
94% writing
95% writing
95% writing
96% writing
96% writing
97% writing
97% writing
98% writing
99% writing
100% completed
        4.76 real         4.47 user         0.19 sys
           774897664  maximum resident set size
                   0  average shared memory size
                   0  average unshared data size
                   0  average unshared stack size
              132754  page reclaims
                  13  page faults
                   0  swaps
                   0  block input operations
                   0  block output operations
                   4  messages sent
                   0  messages received
                   0  signals received
                  20  voluntary context switches
                1977  involuntary context switches
        120322015681  instructions retired
         20070717081  cycles elapsed
           300795056  peak memory footprint
