edge: reads: KILLED ['edgeBandControlsKeepTextInItsArt'] (3s)
edge: backdrop filled: KILLED ['anEdgeBandOverAPhotographLeavesItsTitleAndProse', 'dgaPage2HeaderTitleAndWelcomeLineLeaveThePhotographsCrop'] (3s)
edge: work limit: KILLED ['edgeBandsStayBoundedOnPagesOfManyPictures'] (5s)
edge: every line on a backdrop: KILLED ['edgeBandControlsKeepTextInItsArt'] (3s)
edge: backdrop width: KILLED ['edgeBandControlsKeepTextInItsArt'] (3s)
edge: bottom edge: KILLED ['anEdgeBandOverAPhotographLeavesItsTitleAndProse', 'edgeBandControlsKeepTextInItsArt'] (3s)
edge: top edge: KILLED ['edgeBandControlsKeepTextInItsArt'] (3s)
edge: rest height: KILLED ['edgeBandControlsKeepTextInItsArt'] (3s)
edge: image coverage: KILLED ['edgeBandControlsKeepTextInItsArt'] (3s)
edge: images part of rest: KILLED ['anEdgeBandOverAPhotographLeavesItsTitleAndProse'] (3s)
notes: small type: KILLED ['noteColumnControlsKeepTheRowOrder'] (5s)
notes: three markers: KILLED ['noteColumnControlsKeepTheRowOrder'] (5s)
notes: line left of every edge: KILLED ['noteColumnControlsKeepTheRowOrder'] (5s)
notes: disjoint columns: KILLED ['noteColumnControlsKeepTheRowOrder'] (5s)
notes: consecutive numbers: KILLED ['noteColumnControlsKeepTheRowOrder'] (5s)
notes: raised marker: KILLED ['noteColumnControlsKeepTheRowOrder'] (5s)
notes: column gap: KILLED ['dgaPage2FootnotesReadDownTheirColumns', 'notesNumberedDownTheirColumnsReadInNumberOrder'] (5s)
paragraph: note opens paragraph: KILLED ['eachRaisedNoteOpensItsOwnParagraph'] (5s)
paragraph: break at note: KILLED ['dgaPage2FootnotesReadDownTheirColumns'] (5s)
ordering: rule applied: KILLED ['dgaPage2FootnotesReadDownTheirColumns'] (5s)
compose: edge bands applied: KILLED ['anEdgeBandOverAPhotographLeavesItsTitleAndProse', 'dgaPage2HeaderTitleAndWelcomeLineLeaveThePhotographsCrop', 'edgeBandsStayBoundedOnPagesOfManyPictures'] (5s)
