0 rule: wrapped caption lines compete: killed ['onlyCaptionTypeInACaptionIsExcusedFromCompeting', 'wrappedCaptionLineDoesNotCompeteAcrossPages', 'wrappedCaptionLineDoesNotCompeteWithAColumnJoin']
1 rule: no next-line join: killed ['captionFragmentDoesNotContinueASentence', 'figureBesideAParagraphDoesNotSplitIt']
2 rule: no head below a column-head figure: killed ['columnHeadBelowTheFootNeedsAFigureOverIt', 'continuationBeneathTheFigureHeadingTheNextColumn']
3 rule: lowercase openings only: killed ['capitalOpeningAcrossPagesNeedsAFullLineInTheAnchorsType', 'columnContinuationGuards', 'columnHeadBelowTheFootNeedsAFigureOverIt', 'digitContinuesASentenceAfterAnOpenWord', 'sentenceContinuationNeedsLowercaseOrAnOpenWord']
4 rule: no figure-page skipping: killed ['figurePageWithProseIsNotSteppedOver', 'paragraphContinuesPastAPageHoldingOnlyAFigure']
5 rule: ceiling at the crossing element bottom: killed ['captionOfAColumnFigureStaysInItsColumn', 'proseSwallowedByTheRegionOverTheHeadRefusesTheJoin']
6 guard: caption excuse only below anchor size: killed ['onlyCaptionTypeInACaptionIsExcusedFromCompeting']
7 guard: next line same size: killed ['nextLineInColumnRequiresTheParagraphsOwnPitchAndEdge']
8 guard: next line same edge: killed ['nextLineInColumnRequiresTheParagraphsOwnPitchAndEdge']
9 guard: next line below: killed ['nextLineInColumnRequiresTheParagraphsOwnPitchAndEdge']
10 guard: next line pitch: killed ['nextLineInColumnRequiresTheParagraphsOwnPitchAndEdge']
11 guard: no line between: killed ['nextLineInColumnRequiresTheParagraphsOwnPitchAndEdge']
12 guard: head-below needs same size: killed ['columnHeadBelowTheFootNeedsAFigureOverIt']
13 guard: head figure reaches above foot: killed ['columnHeadBelowTheFootNeedsAFigureOverIt']
14 guard: head figure above head: killed ['columnHeadBelowTheFootNeedsAFigureOverIt']
15 guard: same-page opening same size: killed ['columnHeadBelowTheFootNeedsAFigureOverIt']
16 guard: same-page opening full line: killed ['columnHeadBelowTheFootNeedsAFigureOverIt']
17 guard: cross-page opening full line: killed ['capitalOpeningAcrossPagesNeedsAFullLineInTheAnchorsType']
18 guard: cross-page opening same size: killed ['capitalOpeningAcrossPagesNeedsAFullLineInTheAnchorsType']
19 guard: short line must close sentence: killed ['capitalOpeningAcrossPagesNeedsAFullLineInTheAnchorsType', 'columnHeadBelowTheFootNeedsAFigureOverIt']
20 guard: open words only: killed ['columnContinuationGuards', 'sentenceContinuationNeedsLowercaseOrAnOpenWord']
21 guard: possessive stem: killed ['sentenceContinuationNeedsLowercaseOrAnOpenWord']
22 guard: crossing element itself excused: killed ['columnHeadBelowTheFootNeedsAFigureOverIt']
23 guard: skipped page holds no prose: killed ['figurePageWithProseIsNotSteppedOver']
24 guard: figure page needs an image: killed ['figurePageWithProseIsNotSteppedOver']
25 guard: skipped page markers inline: killed ['figurePageWithProseIsNotSteppedOver']
